Component: ARM Compiler 5.06 update 4 (build 422) Tool: armlink [4d35d2]

==============================================================================

Section Cross References

    startup_stm32f103xb.o(RESET) refers to startup_stm32f103xb.o(STACK) for __initial_sp
    startup_stm32f103xb.o(RESET) refers to startup_stm32f103xb.o(.text) for Reset_Handler
    startup_stm32f103xb.o(RESET) refers to stm32f1xx_it.o(i.NMI_Handler) for NMI_Handler
    startup_stm32f103xb.o(RESET) refers to stm32f1xx_it.o(i.HardFault_Handler) for HardFault_Handler
    startup_stm32f103xb.o(RESET) refers to stm32f1xx_it.o(i.MemManage_Handler) for MemManage_Handler
    startup_stm32f103xb.o(RESET) refers to stm32f1xx_it.o(i.BusFault_Handler) for BusFault_Handler
    startup_stm32f103xb.o(RESET) refers to stm32f1xx_it.o(i.UsageFault_Handler) for UsageFault_Handler
    startup_stm32f103xb.o(RESET) refers to stm32f1xx_it.o(i.SVC_Handler) for SVC_Handler
    startup_stm32f103xb.o(RESET) refers to stm32f1xx_it.o(i.DebugMon_Handler) for DebugMon_Handler
    startup_stm32f103xb.o(RESET) refers to stm32f1xx_it.o(i.PendSV_Handler) for PendSV_Handler
    startup_stm32f103xb.o(RESET) refers to stm32f1xx_it.o(i.SysTick_Handler) for SysTick_Handler
    startup_stm32f103xb.o(RESET) refers to stm32f1xx_it.o(i.DMA1_Channel1_IRQHandler) for DMA1_Channel1_IRQHandler
    startup_stm32f103xb.o(RESET) refers to stm32f1xx_it.o(i.DMA1_Channel5_IRQHandler) for DMA1_Channel5_IRQHandler
    startup_stm32f103xb.o(RESET) refers to stm32f1xx_it.o(i.ADC1_2_IRQHandler) for ADC1_2_IRQHandler
    startup_stm32f103xb.o(RESET) refers to stm32f1xx_it.o(i.TIM2_IRQHandler) for TIM2_IRQHandler
    startup_stm32f103xb.o(RESET) refers to stm32f1xx_it.o(i.USART1_IRQHandler) for USART1_IRQHandler
    startup_stm32f103xb.o(.text) refers to system_stm32f1xx.o(i.SystemInit) for SystemInit
    startup_stm32f103xb.o(.text) refers to entry.o(.ARM.Collect$$$$00000000) for __main
    stm32f1xx_hal_msp.o(i.HAL_ADC_MspDeInit) refers to stm32f1xx_hal_gpio.o(i.HAL_GPIO_DeInit) for HAL_GPIO_DeInit
    stm32f1xx_hal_msp.o(i.HAL_ADC_MspDeInit) refers to stm32f1xx_hal_dma.o(i.HAL_DMA_DeInit) for HAL_DMA_DeInit
    stm32f1xx_hal_msp.o(i.HAL_ADC_MspDeInit) refers to stm32f1xx_hal_cortex.o(i.HAL_NVIC_DisableIRQ) for HAL_NVIC_DisableIRQ
    stm32f1xx_hal_msp.o(i.HAL_ADC_MspInit) refers to stm32f1xx_hal_gpio.o(i.HAL_GPIO_Init) for HAL_GPIO_Init
    stm32f1xx_hal_msp.o(i.HAL_ADC_MspInit) refers to stm32f1xx_hal_dma.o(i.HAL_DMA_Init) for HAL_DMA_Init
    stm32f1xx_hal_msp.o(i.HAL_ADC_MspInit) refers to main.o(i._Error_Handler) for _Error_Handler
    stm32f1xx_hal_msp.o(i.HAL_ADC_MspInit) refers to stm32f1xx_hal_cortex.o(i.HAL_NVIC_SetPriority) for HAL_NVIC_SetPriority
    stm32f1xx_hal_msp.o(i.HAL_ADC_MspInit) refers to stm32f1xx_hal_cortex.o(i.HAL_NVIC_EnableIRQ) for HAL_NVIC_EnableIRQ
    stm32f1xx_hal_msp.o(i.HAL_ADC_MspInit) refers to main.o(.bss) for hdma_adc1
    stm32f1xx_hal_msp.o(i.HAL_MspInit) refers to stm32f1xx_hal_cortex.o(i.HAL_NVIC_SetPriorityGrouping) for HAL_NVIC_SetPriorityGrouping
    stm32f1xx_hal_msp.o(i.HAL_MspInit) refers to stm32f1xx_hal_cortex.o(i.HAL_NVIC_SetPriority) for HAL_NVIC_SetPriority
    stm32f1xx_hal_msp.o(i.HAL_TIM_Base_MspDeInit) refers to stm32f1xx_hal_cortex.o(i.HAL_NVIC_DisableIRQ) for HAL_NVIC_DisableIRQ
    stm32f1xx_hal_msp.o(i.HAL_TIM_Base_MspInit) refers to stm32f1xx_hal_cortex.o(i.HAL_NVIC_SetPriority) for HAL_NVIC_SetPriority
    stm32f1xx_hal_msp.o(i.HAL_TIM_Base_MspInit) refers to stm32f1xx_hal_cortex.o(i.HAL_NVIC_EnableIRQ) for HAL_NVIC_EnableIRQ
    stm32f1xx_hal_msp.o(i.HAL_UART_MspDeInit) refers to stm32f1xx_hal_gpio.o(i.HAL_GPIO_DeInit) for HAL_GPIO_DeInit
    stm32f1xx_hal_msp.o(i.HAL_UART_MspDeInit) refers to stm32f1xx_hal_dma.o(i.HAL_DMA_DeInit) for HAL_DMA_DeInit
    stm32f1xx_hal_msp.o(i.HAL_UART_MspDeInit) refers to stm32f1xx_hal_cortex.o(i.HAL_NVIC_DisableIRQ) for HAL_NVIC_DisableIRQ
    stm32f1xx_hal_msp.o(i.HAL_UART_MspInit) refers to stm32f1xx_hal_gpio.o(i.HAL_GPIO_Init) for HAL_GPIO_Init
    stm32f1xx_hal_msp.o(i.HAL_UART_MspInit) refers to stm32f1xx_hal_dma.o(i.HAL_DMA_Init) for HAL_DMA_Init
    stm32f1xx_hal_msp.o(i.HAL_UART_MspInit) refers to main.o(i._Error_Handler) for _Error_Handler
    stm32f1xx_hal_msp.o(i.HAL_UART_MspInit) refers to stm32f1xx_hal_cortex.o(i.HAL_NVIC_SetPriority) for HAL_NVIC_SetPriority
    stm32f1xx_hal_msp.o(i.HAL_UART_MspInit) refers to stm32f1xx_hal_cortex.o(i.HAL_NVIC_EnableIRQ) for HAL_NVIC_EnableIRQ
    stm32f1xx_hal_msp.o(i.HAL_UART_MspInit) refers to main.o(.bss) for hdma_usart1_rx
    stm32f1xx_it.o(i.ADC1_2_IRQHandler) refers to stm32f1xx_hal_adc.o(i.HAL_ADC_IRQHandler) for HAL_ADC_IRQHandler
    stm32f1xx_it.o(i.ADC1_2_IRQHandler) refers to main.o(.bss) for hadc1
    stm32f1xx_it.o(i.DMA1_Channel1_IRQHandler) refers to stm32f1xx_hal_dma.o(i.HAL_DMA_IRQHandler) for HAL_DMA_IRQHandler
    stm32f1xx_it.o(i.DMA1_Channel1_IRQHandler) refers to main.o(.bss) for hdma_adc1
[...]
    Removing stm32f1xx_hal_tim_ex.o(i.HAL_TIMEx_HallSensor_GetState), (6 bytes).
    Removing stm32f1xx_hal_tim_ex.o(i.HAL_TIMEx_HallSensor_Init), (188 bytes).
    Removing stm32f1xx_hal_tim_ex.o(i.HAL_TIMEx_HallSensor_MspDeInit), (2 bytes).
    Removing stm32f1xx_hal_tim_ex.o(i.HAL_TIMEx_HallSensor_MspInit), (2 bytes).
    Removing stm32f1xx_hal_tim_ex.o(i.HAL_TIMEx_HallSensor_Start), (28 bytes).
    Removing stm32f1xx_hal_tim_ex.o(i.HAL_TIMEx_HallSensor_Start_DMA), (104 bytes).
    Removing stm32f1xx_hal_tim_ex.o(i.HAL_TIMEx_HallSensor_Start_IT), (38 bytes).
    Removing stm32f1xx_hal_tim_ex.o(i.HAL_TIMEx_HallSensor_Stop), (46 bytes).
    Removing stm32f1xx_hal_tim_ex.o(i.HAL_TIMEx_HallSensor_Stop_DMA), (56 bytes).
    Removing stm32f1xx_hal_tim_ex.o(i.HAL_TIMEx_HallSensor_Stop_IT), (56 bytes).
    Removing stm32f1xx_hal_tim_ex.o(i.HAL_TIMEx_OCN_Start), (36 bytes).
    Removing stm32f1xx_hal_tim_ex.o(i.HAL_TIMEx_OCN_Start_DMA), (220 bytes).
    Removing stm32f1xx_hal_tim_ex.o(i.HAL_TIMEx_OCN_Start_IT), (96 bytes).
    Removing stm32f1xx_hal_tim_ex.o(i.HAL_TIMEx_OCN_Stop), (68 bytes).
    Removing stm32f1xx_hal_tim_ex.o(i.HAL_TIMEx_OCN_Stop_DMA), (124 bytes).
    Removing stm32f1xx_hal_tim_ex.o(i.HAL_TIMEx_OCN_Stop_IT), (134 bytes).
    Removing stm32f1xx_hal_tim_ex.o(i.HAL_TIMEx_OnePulseN_Start), (26 bytes).
    Removing stm32f1xx_hal_tim_ex.o(i.HAL_TIMEx_OnePulseN_Start_IT), (46 bytes).
    Removing stm32f1xx_hal_tim_ex.o(i.HAL_TIMEx_OnePulseN_Stop), (68 bytes).
    Removing stm32f1xx_hal_tim_ex.o(i.HAL_TIMEx_OnePulseN_Stop_IT), (88 bytes).
    Removing stm32f1xx_hal_tim_ex.o(i.HAL_TIMEx_PWMN_Start), (36 bytes).
    Removing stm32f1xx_hal_tim_ex.o(i.HAL_TIMEx_PWMN_Start_DMA), (220 bytes).
    Removing stm32f1xx_hal_tim_ex.o(i.HAL_TIMEx_PWMN_Start_IT), (96 bytes).
    Removing stm32f1xx_hal_tim_ex.o(i.HAL_TIMEx_PWMN_Stop), (68 bytes).
    Removing stm32f1xx_hal_tim_ex.o(i.HAL_TIMEx_PWMN_Stop_DMA), (124 bytes).
    Removing stm32f1xx_hal_tim_ex.o(i.HAL_TIMEx_PWMN_Stop_IT), (134 bytes).
    Removing stm32f1xx_hal_tim_ex.o(i.TIMEx_DMACommutationCplt), (16 bytes).
    Removing stm32f1xx_hal_tim_ex.o(i.TIM_CCxNChannelCmd), (22 bytes).
    Removing system_stm32f1xx.o(.rev16_text), (4 bytes).
    Removing system_stm32f1xx.o(.revsh_text), (4 bytes).
    Removing system_stm32f1xx.o(.rrx_text), (6 bytes).
    Removing system_stm32f1xx.o(i.SystemCoreClockUpdate), (104 bytes).
    Removing dfixul.o(.text), (48 bytes).
    Removing cdrcmple.o(.text), (48 bytes).

346 unused section(s) (total 20620 bytes) removed from the image.

==============================================================================

Image Symbol Table

    Local Symbols

    Symbol Name                              Value     Ov Type        Size  Object(Section)

    ../Drivers/STM32F1xx_HAL_Driver/Src/stm32f1xx_hal.c 0x00000000   Number         0  stm32f1xx_hal.o ABSOLUTE
    ../Drivers/STM32F1xx_HAL_Driver/Src/stm32f1xx_hal_adc.c 0x00000000   Number         0  stm32f1xx_hal_adc.o ABSOLUTE
    ../Drivers/STM32F1xx_HAL_Driver/Src/stm32f1xx_hal_adc_ex.c 0x00000000   Number         0  stm32f1xx_hal_adc_ex.o ABSOLUTE
    ../Drivers/STM32F1xx_HAL_Driver/Src/stm32f1xx_hal_cortex.c 0x00000000   Number         0  stm32f1xx_hal_cortex.o ABSOLUTE
    ../Drivers/STM32F1xx_HAL_Driver/Src/stm32f1xx_hal_dma.c 0x00000000   Number         0  stm32f1xx_hal_dma.o ABSOLUTE
    ../Drivers/STM32F1xx_HAL_Driver/Src/stm32f1xx_hal_flash.c 0x00000000   Number         0  stm32f1xx_hal_flash.o ABSOLUTE
    ../Drivers/STM32F1xx_HAL_Driver/Src/stm32f1xx_hal_flash_ex.c 0x00000000   Number         0  stm32f1xx_hal_flash_ex.o ABSOLUTE
    ../Drivers/STM32F1xx_HAL_Driver/Src/stm32f1xx_hal_gpio.c 0x00000000   Number         0  stm32f1xx_hal_gpio.o ABSOLUTE
    ../Drivers/STM32F1xx_HAL_Driver/Src/stm32f1xx_hal_gpio_ex.c 0x00000000   Number         0  stm32f1xx_hal_gpio_ex.o ABSOLUTE
    ../Drivers/STM32F1xx_HAL_Driver/Src/stm32f1xx_hal_pwr.c 0x00000000   Number         0  stm32f1xx_hal_pwr.o ABSOLUTE
    ../Drivers/STM32F1xx_HAL_Driver/Src/stm32f1xx_hal_rcc.c 0x00000000   Number         0  stm32f1xx_hal_rcc.o ABSOLUTE
    ../Drivers/STM32F1xx_HAL_Driver/Src/stm32f1xx_hal_rcc_ex.c 0x00000000   Number         0  stm32f1xx_hal_rcc_ex.o ABSOLUTE
    ../Drivers/STM32F1xx_HAL_Driver/Src/stm32f1xx_hal_tim.c 0x00000000   Number         0  stm32f1xx_hal_tim.o ABSOLUTE
    ../Drivers/STM32F1xx_HAL_Driver/Src/stm32f1xx_hal_tim_ex.c 0x00000000   Number         0  stm32f1xx_hal_tim_ex.o ABSOLUTE
    ../Drivers/STM32F1xx_HAL_Driver/Src/stm32f1xx_hal_uart.c 0x00000000   Number         0  stm32f1xx_hal_uart.o ABSOLUTE
    ../Src/main.c                            0x00000000   Number         0  main.o ABSOLUTE
    ../Src/stm32f1xx_hal_msp.c               0x00000000   Number         0  stm32f1xx_hal_msp.o ABSOLUTE
    ../Src/stm32f1xx_it.c                    0x00000000   Number         0  stm32f1xx_it.o ABSOLUTE
    ../Src/system_stm32f1xx.c                0x00000000   Number         0  system_stm32f1xx.o ABSOLUTE
    ../clib/microlib/ctype/ctype.c           0x00000000   Number         0  isgraph_o.o ABSOLUTE
    ../clib/microlib/ctype/ctype.c           0x00000000   Number         0  isspace_o.o ABSOLUTE
    ../clib/microlib/ctype/ctype.c           0x00000000   Number         0  ctype_o.o ABSOLUTE
    ../clib/microlib/ctype/ctype.c           0x00000000   Number         0  ctype_c.o ABSOLUTE
    ../clib/microlib/ctype/ctype.c           0x00000000   Number         0  isdigit_o.o ABSOLUTE
    ../clib/microlib/ctype/ctype.c           0x00000000   Number         0  iscntrl_o.o ABSOLUTE
    ../clib/microlib/ctype/ctype.c           0x00000000   Number         0  isblank_o.o ABSOLUTE
    ../clib/microlib/ctype/ctype.c           0x00000000   Number         0  isalpha_o.o ABSOLUTE
    ../clib/microlib/ctype/ctype.c           0x00000000   Number         0  isspace_c.o ABSOLUTE
    ../clib/microlib/ctype/ctype.c           0x00000000   Number         0  isprint_o.o ABSOLUTE
    ../clib/microlib/ctype/ctype.c           0x00000000   Number         0  islower_o.o ABSOLUTE
    ../clib/microlib/ctype/ctype.c           0x00000000   Number         0  ispunct_o.o ABSOLUTE
    ../clib/microlib/ctype/ctype.c           0x00000000   Number         0  isxdigit_o.o ABSOLUTE
    ../clib/microlib/ctype/ctype.c           0x00000000   Number         0  isupper_o.o ABSOLUTE
    ../clib/microlib/ctype/ctype.c           0x00000000   Number         0  isalnum_o.o ABSOLUTE
    ../clib/microlib/division.c              0x00000000   Number         0  uidiv.o ABSOLUTE
    ../clib/microlib/division.c              0x00000000   Number         0  uldiv.o ABSOLUTE
    ../clib/microlib/errno.c                 0x00000000   Number         0  errno.o ABSOLUTE
    ../clib/microlib/init/entry.s            0x00000000   Number         0  entry8a.o ABSOLUTE
    ../clib/microlib/init/entry.s            0x00000000   Number         0  entry10b.o ABSOLUTE
    ../clib/microlib/init/entry.s            0x00000000   Number         0  entry2.o ABSOLUTE
    ../clib/microlib/init/entry.s            0x00000000   Number         0  entry11b.o ABSOLUTE
    ../clib/microlib/init/entry.s            0x00000000   Number         0  entry.o ABSOLUTE
    ../clib/microlib/init/entry.s            0x00000000   Number         0  entry11a.o ABSOLUTE
    ../clib/microlib/init/entry.s            0x00000000   Number         0  entry10a.o ABSOLUTE
    ../clib/microlib/init/entry.s            0x00000000   Number         0  entry9b.o ABSOLUTE
    ../clib/microlib/init/entry.s            0x00000000   Number         0  entry9a.o ABSOLUTE
    ../clib/microlib/init/entry.s            0x00000000   Number         0  entry8b.o ABSOLUTE
    ../clib/microlib/init/entry.s            0x00000000   Number         0  entry7b.o ABSOLUTE
    ../clib/microlib/init/entry.s            0x00000000   Number         0  entry7a.o ABSOLUTE
    ../clib/microlib/init/entry.s            0x00000000   Number         0  entry5.o ABSOLUTE
    ../clib/microlib/longlong.c              0x00000000   Number         0  llshl.o ABSOLUTE
    ../clib/microlib/longlong.c              0x00000000   Number         0  llsshr.o ABSOLUTE
    ../clib/microlib/longlong.c              0x00000000   Number         0  llushr.o ABSOLUTE
    ../clib/microlib/printf/printf.c         0x00000000   Number         0  printf3.o ABSOLUTE
    ../clib/microlib/printf/printf.c         0x00000000   Number         0  printf1.o ABSOLUTE
    ../clib/microlib/printf/printf.c         0x00000000   Number         0  printf0.o ABSOLUTE
    ../clib/microlib/printf/printf.c         0x00000000   Number         0  printf7.o ABSOLUTE
    ../clib/microlib/printf/printf.c         0x00000000   Number         0  printf5.o ABSOLUTE
    ../clib/microlib/printf/printf.c         0x00000000   Number         0  printf6.o ABSOLUTE
    ../clib/microlib/printf/printf.c         0x00000000   Number         0  printf2.o ABSOLUTE
    ../clib/microlib/printf/printf.c         0x00000000   Number         0  printf4.o ABSOLUTE
    ../clib/microlib/printf/printf.c         0x00000000   Number         0  printf8.o ABSOLUTE
    ../clib/microlib/printf/printf.c         0x00000000   Number         0  printfa.o ABSOLUTE
    ../clib/microlib/printf/printf.c         0x00000000   Number         0  printfb.o ABSOLUTE
    ../clib/microlib/printf/stubs.s          0x00000000   Number         0  stubs.o ABSOLUTE
    ../clib/microlib/stdio/fputc.c           0x00000000   Number         0  fputc.o ABSOLUTE
    ../clib/microlib/stdio/semi.s            0x00000000   Number         0  semi.o ABSOLUTE
    ../clib/microlib/stdio/streams.c         0x00000000   Number         0  stdout.o ABSOLUTE
    ../clib/microlib/stubs.s                 0x00000000   Number         0  iusefp.o ABSOLUTE
    ../clib/microlib/stubs.s                 0x00000000   Number         0  iusesemip.o ABSOLUTE
    ../clib/scanf.c                          0x00000000   Number         0  strtol.o ABSOLUTE
    ../clib/scanf.c                          0x00000000   Number         0  _chval.o ABSOLUTE
    ../clib/scanf.c                          0x00000000   Number         0  _strtoul.o ABSOLUTE
    ../clib/scanf.c                          0x00000000   Number         0  _sgetc.o ABSOLUTE
    ../clib/scanf.c                          0x00000000   Number         0  scanf_fp.o ABSOLUTE
    ../clib/scanf.c                          0x00000000   Number         0  strtod.o ABSOLUTE
    ../clib/scanf.c                          0x00000000   Number         0  atol.o ABSOLUTE
    ../fplib/microlib/d2f.c                  0x00000000   Number         0  d2f.o ABSOLUTE
    ../fplib/microlib/f2d.c                  0x00000000   Number         0  f2d.o ABSOLUTE
    ../fplib/microlib/fpadd.c                0x00000000   Number         0  fadd.o ABSOLUTE
    ../fplib/microlib/fpadd.c                0x00000000   Number         0  dadd.o ABSOLUTE
    ../fplib/microlib/fpdiv.c                0x00000000   Number         0  ddiv.o ABSOLUTE
    ../fplib/microlib/fpdiv.c                0x00000000   Number         0  fdiv.o ABSOLUTE
    ../fplib/microlib/fpepilogue.c           0x00000000   Number         0  depilogue.o ABSOLUTE
    ../fplib/microlib/fpepilogue.c           0x00000000   Number         0  fepilogue.o ABSOLUTE
    ../fplib/microlib/fpfix.c                0x00000000   Number         0  dfixul.o ABSOLUTE
    ../fplib/microlib/fpfix.c                0x00000000   Number         0  ffixi.o ABSOLUTE
    ../fplib/microlib/fpflt.c                0x00000000   Number         0  dflti.o ABSOLUTE
    ../fplib/microlib/fpflt.c                0x00000000   Number         0  ffltui.o ABSOLUTE
    ../fplib/microlib/fpflt.c                0x00000000   Number         0  dfltul.o ABSOLUTE
    ../fplib/microlib/fpflt.c                0x00000000   Number         0  fflti.o ABSOLUTE
    ../fplib/microlib/fpmul.c                0x00000000   Number         0  fmul.o ABSOLUTE
    ../fplib/microlib/fpmul.c                0x00000000   Number         0  dmul.o ABSOLUTE
    ../fplib/microlib/fpscalb.c              0x00000000   Number         0  dscalb.o ABSOLUTE
    ../fplib/microlib/fpscalb.c              0x00000000   Number         0  fscalb.o ABSOLUTE
    ../mathlib/atof.c                        0x00000000   Number         0  atof.o ABSOLUTE
    ../mathlib/dunder.c                      0x00000000   Number         0  dunder.o ABSOLUTE
    ../mathlib/log.c                         0x00000000   Number         0  log.o ABSOLUTE
    ../mathlib/log.c                         0x00000000   Number         0  log_x.o ABSOLUTE
    ../mathlib/poly.c                        0x00000000   Number         0  poly.o ABSOLUTE
    ../mathlib/qnan.c                        0x00000000   Number         0  qnan.o ABSOLUTE
    ..\Drivers\STM32F1xx_HAL_Driver\Src\stm32f1xx_hal.c 0x00000000   Number         0  stm32f1xx_hal.o ABSOLUTE
    ..\Drivers\STM32F1xx_HAL_Driver\Src\stm32f1xx_hal_adc.c 0x00000000   Number         0  stm32f1xx_hal_adc.o ABSOLUTE
    ..\Drivers\STM32F1xx_HAL_Driver\Src\stm32f1xx_hal_adc_ex.c 0x00000000   Number         0  stm32f1xx_hal_adc_ex.o ABSOLUTE
    ..\Drivers\STM32F1xx_HAL_Driver\Src\stm32f1xx_hal_cortex.c 0x00000000   Number         0  stm32f1xx_hal_cortex.o ABSOLUTE
    ..\Drivers\STM32F1xx_HAL_Driver\Src\stm32f1xx_hal_dma.c 0x00000000   Number         0  stm32f1xx_hal_dma.o ABSOLUTE
    ..\Drivers\STM32F1xx_HAL_Driver\Src\stm32f1xx_hal_flash.c 0x00000000   Number         0  stm32f1xx_hal_flash.o ABSOLUTE
    ..\Drivers\STM32F1xx_HAL_Driver\Src\stm32f1xx_hal_flash_ex.c 0x00000000   Number         0  stm32f1xx_hal_flash_ex.o ABSOLUTE
    ..\Drivers\STM32F1xx_HAL_Driver\Src\stm32f1xx_hal_gpio.c 0x00000000   Number         0  stm32f1xx_hal_gpio.o ABSOLUTE
    ..\Drivers\STM32F1xx_HAL_Driver\Src\stm32f1xx_hal_gpio_ex.c 0x00000000   Number         0  stm32f1xx_hal_gpio_ex.o ABSOLUTE
    ..\Drivers\STM32F1xx_HAL_Driver\Src\stm32f1xx_hal_pwr.c 0x00000000   Number         0  stm32f1xx_hal_pwr.o ABSOLUTE
    ..\Drivers\STM32F1xx_HAL_Driver\Src\stm32f1xx_hal_rcc.c 0x00000000   Number         0  stm32f1xx_hal_rcc.o ABSOLUTE
    ..\Drivers\STM32F1xx_HAL_Driver\Src\stm32f1xx_hal_rcc_ex.c 0x00000000   Number         0  stm32f1xx_hal_rcc_ex.o ABSOLUTE
    ..\Drivers\STM32F1xx_HAL_Driver\Src\stm32f1xx_hal_tim.c 0x00000000   Number         0  stm32f1xx_hal_tim.o ABSOLUTE
    ..\Drivers\STM32F1xx_HAL_Driver\Src\stm32f1xx_hal_tim_ex.c 0x00000000   Number         0  stm32f1xx_hal_tim_ex.o ABSOLUTE
    ..\Drivers\STM32F1xx_HAL_Driver\Src\stm32f1xx_hal_uart.c 0x00000000   Number         0  stm32f1xx_hal_uart.o ABSOLUTE
    ..\Src\main.c                            0x00000000   Number         0  main.o ABSOLUTE
    ..\Src\stm32f1xx_hal_msp.c               0x00000000   Number         0  stm32f1xx_hal_msp.o ABSOLUTE
    ..\Src\stm32f1xx_it.c                    0x00000000   Number         0  stm32f1xx_it.o ABSOLUTE
    ..\Src\system_stm32f1xx.c                0x00000000   Number         0  system_stm32f1xx.o ABSOLUTE
    cdcmple.s                                0x00000000   Number         0  cdcmple.o ABSOLUTE
    cdrcmple.s                               0x00000000   Number         0  cdrcmple.o ABSOLUTE
    dc.s                                     0x00000000   Number         0  dc.o ABSOLUTE
    handlers.s                               0x00000000   Number         0  handlers.o ABSOLUTE
    init.s                                   0x00000000   Number         0  init.o ABSOLUTE
    startup_stm32f103xb.s                    0x00000000   Number         0  startup_stm32f103xb.o ABSOLUTE
    RESET                                    0x08000000   Section      236  startup_stm32f103xb.o(RESET)
    .ARM.Collect$$$$00000000                 0x080000ec   Section        0  entry.o(.ARM.Collect$$$$00000000)
    .ARM.Collect$$$$00000001                 0x080000ec   Section        4  entry2.o(.ARM.Collect$$$$00000001)
    .ARM.Collect$$$$00000004                 0x080000f0   Section        4  entry5.o(.ARM.Collect$$$$00000004)
    .ARM.Collect$$$$00000008                 0x080000f4   Section        0  entry7b.o(.ARM.Collect$$$$00000008)
    .ARM.Collect$$$$0000000A                 0x080000f4   Section        0  entry8b.o(.ARM.Collect$$$$0000000A)
    .ARM.Collect$$$$0000000B                 0x080000f4   Section        8  entry9a.o(.ARM.Collect$$$$0000000B)
    .ARM.Collect$$$$0000000D                 0x080000fc   Section        0  entry10a.o(.ARM.Collect$$$$0000000D)
    .ARM.Collect$$$$0000000F                 0x080000fc   Section        0  entry11a.o(.ARM.Collect$$$$0000000F)
    .ARM.Collect$$$$00002712                 0x080000fc   Section        4  entry2.o(.ARM.Collect$$$$00002712)
    __lit__00000000                          0x080000fc   Data           4  entry2.o(.ARM.Collect$$$$00002712)
    .text                                    0x08000100   Section       36  startup_stm32f103xb.o(.text)
    .text                                    0x08000124   Section        0  llushr.o(.text)
    .text                                    0x08000144   Section        0  atol.o(.text)
    .text                                    0x0800015e   Section        0  fadd.o(.text)
    .text                                    0x0800020e   Section        0  fmul.o(.text)
    .text                                    0x08000272   Section        0  fdiv.o(.text)
    .text                                    0x080002ee   Section        0  fscalb.o(.text)
    .text                                    0x08000306   Section        0  dadd.o(.text)
    .text                                    0x08000454   Section        0  ddiv.o(.text)
    .text                                    0x08000532   Section        0  fflti.o(.text)
    .text                                    0x08000544   Section        0  ffltui.o(.text)
    .text                                    0x0800054e   Section        0  ffixi.o(.text)
    .text                                    0x08000580   Section        0  f2d.o(.text)
    .text                                    0x080005a6   Section        0  d2f.o(.text)
    .text                                    0x080005de   Section        0  uidiv.o(.text)
    .text                                    0x0800060a   Section        0  llshl.o(.text)
    .text                                    0x08000628   Section        0  llsshr.o(.text)
    .text                                    0x0800064c   Section        0  strtod.o(.text)
    _local_sscanf                            0x0800064d   Thumb Code    54  strtod.o(.text)
    .text                                    0x080006e8   Section        0  strtol.o(.text)
    .text                                    0x08000758   Section        0  iusefp.o(.text)
    .text                                    0x08000758   Section        0  fepilogue.o(.text)
    .text                                    0x080007c6   Section        0  depilogue.o(.text)
    .text                                    0x08000880   Section        0  dmul.o(.text)
    .text                                    0x08000964   Section        0  dscalb.o(.text)
    .text                                    0x08000992   Section        0  dflti.o(.text)
    .text                                    0x080009b4   Section       48  cdcmple.o(.text)
    .text                                    0x080009e4   Section       36  init.o(.text)
    .text                                    0x08000a08   Section        0  ctype_o.o(.text)
    .text                                    0x08000a10   Section        0  isspace_o.o(.text)
    .text                                    0x08000a24   Section        0  scanf_fp.o(.text)
    _fp_value                                0x08000a25   Thumb Code   256  scanf_fp.o(.text)
    .text                                    0x08000d5c   Section        0  _sgetc.o(.text)
    .text                                    0x08000d9c   Section        0  _strtoul.o(.text)
    .text                                    0x08000e3a   Section        0  _chval.o(.text)
    .text                                    0x08000e56   Section        0  dfltul.o(.text)
    i.ADC1_2_IRQHandler                      0x08000e70   Section        0  stm32f1xx_it.o(i.ADC1_2_IRQHandler)
    i.ADC_ConversionStop_Disable             0x08000e7c   Section        0  stm32f1xx_hal_adc.o(i.ADC_ConversionStop_Disable)
    i.ADC_DMAConvCplt                        0x08000ec8   Section        0  stm32f1xx_hal_adc.o(i.ADC_DMAConvCplt)
    i.ADC_DMAError                           0x08000f16   Section        0  stm32f1xx_hal_adc.o(i.ADC_DMAError)
    i.ADC_DMAHalfConvCplt                    0x08000f30   Section        0  stm32f1xx_hal_adc.o(i.ADC_DMAHalfConvCplt)
    i.ADC_Enable                             0x08000f3c   Section        0  stm32f1xx_hal_adc.o(i.ADC_Enable)
    i.ADC_Read_Data                          0x08000fac   Section        0  main.o(i.ADC_Read_Data)
    i.BusFault_Handler                       0x08001004   Section        0  stm32f1xx_it.o(i.BusFault_Handler)
    i.CMP_CHK_Routine                        0x08001008   Section        0  main.o(i.CMP_CHK_Routine)
    i.DMA1_Channel1_IRQHandler               0x080010b4   Section        0  stm32f1xx_it.o(i.DMA1_Channel1_IRQHandler)
    i.DMA1_Channel5_IRQHandler               0x080010c0   Section        0  stm32f1xx_it.o(i.DMA1_Channel5_IRQHandler)
    i.DMA_SetConfig                          0x080010cc   Section        0  stm32f1xx_hal_dma.o(i.DMA_SetConfig)
    DMA_SetConfig                            0x080010cd   Thumb Code    42  stm32f1xx_hal_dma.o(i.DMA_SetConfig)
    i.DebugMon_Handler                       0x080010f6   Section        0  stm32f1xx_it.o(i.DebugMon_Handler)
    i.Get_Data                               0x080010f8   Section        0  main.o(i.Get_Data)
    i.HAL_ADCEx_InjectedConvCpltCallback     0x080014a4   Section        0  stm32f1xx_hal_adc_ex.o(i.HAL_ADCEx_InjectedConvCpltCallback)
    i.HAL_ADC_ConfigChannel                  0x080014a8   Section        0  stm32f1xx_hal_adc.o(i.HAL_ADC_ConfigChannel)
    i.HAL_ADC_ConvCpltCallback               0x080015a4   Section        0  main.o(i.HAL_ADC_ConvCpltCallback)
    i.HAL_ADC_ConvHalfCpltCallback           0x08001848   Section        0  stm32f1xx_hal_adc.o(i.HAL_ADC_ConvHalfCpltCallback)
    i.HAL_ADC_ErrorCallback                  0x0800184a   Section        0  stm32f1xx_hal_adc.o(i.HAL_ADC_ErrorCallback)
    i.HAL_ADC_IRQHandler                     0x0800184c   Section        0  stm32f1xx_hal_adc.o(i.HAL_ADC_IRQHandler)
    i.HAL_ADC_Init                           0x08001934   Section        0  stm32f1xx_hal_adc.o(i.HAL_ADC_Init)
    i.HAL_ADC_LevelOutOfWindowCallback       0x08001a50   Section        0  stm32f1xx_hal_adc.o(i.HAL_ADC_LevelOutOfWindowCallback)
    i.HAL_ADC_MspInit                        0x08001a54   Section        0  stm32f1xx_hal_msp.o(i.HAL_ADC_MspInit)
    i.HAL_ADC_Start                          0x08001afc   Section        0  stm32f1xx_hal_adc.o(i.HAL_ADC_Start)
    i.HAL_ADC_Start_DMA                      0x08001bbc   Section        0  stm32f1xx_hal_adc.o(i.HAL_ADC_Start_DMA)
    i.HAL_ADC_Stop                           0x08001cc8   Section        0  stm32f1xx_hal_adc.o(i.HAL_ADC_Stop)
    i.HAL_ADC_Stop_DMA                       0x08001cfc   Section        0  stm32f1xx_hal_adc.o(i.HAL_ADC_Stop_DMA)
    i.HAL_DMA_Abort                          0x08001d48   Section        0  stm32f1xx_hal_dma.o(i.HAL_DMA_Abort)
    i.HAL_DMA_Abort_IT                       0x08001d78   Section        0  stm32f1xx_hal_dma.o(i.HAL_DMA_Abort_IT)
    i.HAL_DMA_IRQHandler                     0x08001e10   Section        0  stm32f1xx_hal_dma.o(i.HAL_DMA_IRQHandler)
    i.HAL_DMA_Init                           0x08001f64   Section        0  stm32f1xx_hal_dma.o(i.HAL_DMA_Init)
    i.HAL_DMA_Start_IT                       0x08001fc8   Section        0  stm32f1xx_hal_dma.o(i.HAL_DMA_Start_IT)
    i.HAL_Delay                              0x08002038   Section        0  stm32f1xx_hal.o(i.HAL_Delay)
    i.HAL_GPIO_Init                          0x08002054   Section        0  stm32f1xx_hal_gpio.o(i.HAL_GPIO_Init)
    i.HAL_GPIO_ReadPin                       0x08002210   Section        0  stm32f1xx_hal_gpio.o(i.HAL_GPIO_ReadPin)
    i.HAL_GPIO_WritePin                      0x0800221a   Section        0  stm32f1xx_hal_gpio.o(i.HAL_GPIO_WritePin)
    i.HAL_GetTick                            0x08002224   Section        0  stm32f1xx_hal.o(i.HAL_GetTick)
    i.HAL_IncTick                            0x08002230   Section        0  stm32f1xx_hal.o(i.HAL_IncTick)
    i.HAL_Init                               0x08002240   Section        0  stm32f1xx_hal.o(i.HAL_Init)
    i.HAL_InitTick                           0x08002264   Section        0  stm32f1xx_hal.o(i.HAL_InitTick)
    i.HAL_MspInit                            0x0800228c   Section        0  stm32f1xx_hal_msp.o(i.HAL_MspInit)
    i.HAL_NVIC_EnableIRQ                     0x0800230c   Section        0  stm32f1xx_hal_cortex.o(i.HAL_NVIC_EnableIRQ)
    i.HAL_NVIC_SetPriority                   0x08002324   Section        0  stm32f1xx_hal_cortex.o(i.HAL_NVIC_SetPriority)
    i.HAL_NVIC_SetPriorityGrouping           0x08002364   Section        0  stm32f1xx_hal_cortex.o(i.HAL_NVIC_SetPriorityGrouping)
    i.HAL_RCCEx_PeriphCLKConfig              0x08002388   Section        0  stm32f1xx_hal_rcc_ex.o(i.HAL_RCCEx_PeriphCLKConfig)
    i.HAL_RCC_ClockConfig                    0x08002474   Section        0  stm32f1xx_hal_rcc.o(i.HAL_RCC_ClockConfig)
    i.HAL_RCC_GetHCLKFreq                    0x080025c8   Section        0  stm32f1xx_hal_rcc.o(i.HAL_RCC_GetHCLKFreq)
    i.HAL_RCC_GetPCLK1Freq                   0x080025d4   Section        0  stm32f1xx_hal_rcc.o(i.HAL_RCC_GetPCLK1Freq)
    i.HAL_RCC_GetPCLK2Freq                   0x080025f4   Section        0  stm32f1xx_hal_rcc.o(i.HAL_RCC_GetPCLK2Freq)
    i.HAL_RCC_GetSysClockFreq                0x08002614   Section        0  stm32f1xx_hal_rcc.o(i.HAL_RCC_GetSysClockFreq)
    i.HAL_RCC_OscConfig                      0x08002680   Section        0  stm32f1xx_hal_rcc.o(i.HAL_RCC_OscConfig)
    i.HAL_SYSTICK_CLKSourceConfig            0x08002984   Section        0  stm32f1xx_hal_cortex.o(i.HAL_SYSTICK_CLKSourceConfig)
    i.HAL_SYSTICK_Callback                   0x0800299c   Section        0  stm32f1xx_hal_cortex.o(i.HAL_SYSTICK_Callback)
    i.HAL_SYSTICK_Config                     0x0800299e   Section        0  stm32f1xx_hal_cortex.o(i.HAL_SYSTICK_Config)
    i.HAL_SYSTICK_IRQHandler                 0x080029c6   Section        0  stm32f1xx_hal_cortex.o(i.HAL_SYSTICK_IRQHandler)
    i.HAL_TIMEx_BreakCallback                0x080029ce   Section        0  stm32f1xx_hal_tim_ex.o(i.HAL_TIMEx_BreakCallback)
    i.HAL_TIMEx_CommutationCallback          0x080029d0   Section        0  stm32f1xx_hal_tim_ex.o(i.HAL_TIMEx_CommutationCallback)
    i.HAL_TIMEx_MasterConfigSynchronization  0x080029d2   Section        0  stm32f1xx_hal_tim_ex.o(i.HAL_TIMEx_MasterConfigSynchronization)
    i.HAL_TIM_Base_Init                      0x08002a22   Section        0  stm32f1xx_hal_tim.o(i.HAL_TIM_Base_Init)
    i.HAL_TIM_Base_MspInit                   0x08002a58   Section        0  stm32f1xx_hal_msp.o(i.HAL_TIM_Base_MspInit)
    i.HAL_TIM_Base_Start_IT                  0x08002a90   Section        0  stm32f1xx_hal_tim.o(i.HAL_TIM_Base_Start_IT)
    i.HAL_TIM_ConfigClockSource              0x08002aa8   Section        0  stm32f1xx_hal_tim.o(i.HAL_TIM_ConfigClockSource)
    i.HAL_TIM_IC_CaptureCallback             0x08002b9a   Section        0  stm32f1xx_hal_tim.o(i.HAL_TIM_IC_CaptureCallback)
    i.HAL_TIM_IRQHandler                     0x08002b9c   Section        0  stm32f1xx_hal_tim.o(i.HAL_TIM_IRQHandler)
    i.HAL_TIM_OC_DelayElapsedCallback        0x08002d02   Section        0  stm32f1xx_hal_tim.o(i.HAL_TIM_OC_DelayElapsedCallback)
    i.HAL_TIM_PWM_PulseFinishedCallback      0x08002d04   Section        0  stm32f1xx_hal_tim.o(i.HAL_TIM_PWM_PulseFinishedCallback)
    i.HAL_TIM_PeriodElapsedCallback          0x08002d06   Section        0  stm32f1xx_hal_tim.o(i.HAL_TIM_PeriodElapsedCallback)
    i.HAL_TIM_TriggerCallback                0x08002d08   Section        0  stm32f1xx_hal_tim.o(i.HAL_TIM_TriggerCallback)
    i.HAL_UART_ErrorCallback                 0x08002d0a   Section        0  stm32f1xx_hal_uart.o(i.HAL_UART_ErrorCallback)
    i.HAL_UART_IRQHandler                    0x08002d0c   Section        0  stm32f1xx_hal_uart.o(i.HAL_UART_IRQHandler)
    i.HAL_UART_Init                          0x08002e1c   Section        0  stm32f1xx_hal_uart.o(i.HAL_UART_Init)
    i.HAL_UART_MspInit                       0x08002e80   Section        0  stm32f1xx_hal_msp.o(i.HAL_UART_MspInit)
    i.HAL_UART_Receive                       0x08002f38   Section        0  stm32f1xx_hal_uart.o(i.HAL_UART_Receive)
    i.HAL_UART_RxCpltCallback                0x08002ff0   Section        0  stm32f1xx_hal_uart.o(i.HAL_UART_RxCpltCallback)
    i.HAL_UART_Transmit                      0x08002ff2   Section        0  stm32f1xx_hal_uart.o(i.HAL_UART_Transmit)
    i.HAL_UART_TxCpltCallback                0x080030ac   Section        0  stm32f1xx_hal_uart.o(i.HAL_UART_TxCpltCallback)
    i.HardFault_Handler                      0x080030ae   Section        0  stm32f1xx_it.o(i.HardFault_Handler)
    i.IO_CHK_Routine                         0x080030b0   Section        0  main.o(i.IO_CHK_Routine)
    i.MX_ADC1_Init                           0x08003134   Section        0  main.o(i.MX_ADC1_Init)
    MX_ADC1_Init                             0x08003135   Thumb Code    98  main.o(i.MX_ADC1_Init)
    i.MX_GPIO_Init                           0x080031a0   Section        0  main.o(i.MX_GPIO_Init)
    MX_GPIO_Init                             0x080031a1   Thumb Code   112  main.o(i.MX_GPIO_Init)
    i.MX_TIM2_Init                           0x0800321c   Section        0  main.o(i.MX_TIM2_Init)
    MX_TIM2_Init                             0x0800321d   Thumb Code    78  main.o(i.MX_TIM2_Init)
    i.MemManage_Handler                      0x08003270   Section        0  stm32f1xx_it.o(i.MemManage_Handler)
    i.NMI_Handler                            0x08003272   Section        0  stm32f1xx_it.o(i.NMI_Handler)
    i.NVIC_SetPriority                       0x08003274   Section        0  stm32f1xx_hal_cortex.o(i.NVIC_SetPriority)
    NVIC_SetPriority                         0x08003275   Thumb Code    32  stm32f1xx_hal_cortex.o(i.NVIC_SetPriority)
    i.PendSV_Handler                         0x08003294   Section        0  stm32f1xx_it.o(i.PendSV_Handler)
    i.Refri_CHK_Routine                      0x08003298   Section        0  main.o(i.Refri_CHK_Routine)
    i.SRP_CHK_Routine                        0x080032dc   Section        0  main.o(i.SRP_CHK_Routine)
    i.SVC_Handler                            0x080033e8   Section        0  stm32f1xx_it.o(i.SVC_Handler)
    i.SysTick_Handler                        0x080033ea   Section        0  stm32f1xx_it.o(i.SysTick_Handler)
    i.SystemClock_Config                     0x080033f8   Section        0  main.o(i.SystemClock_Config)
    i.SystemInit                             0x0800346c   Section        0  system_stm32f1xx.o(i.SystemInit)
    i.TIM2_IRQHandler                        0x080034b4   Section        0  stm32f1xx_it.o(i.TIM2_IRQHandler)
    i.TIM_Base_SetConfig                     0x08003654   Section        0  stm32f1xx_hal_tim.o(i.TIM_Base_SetConfig)
    i.TIM_ETR_SetConfig                      0x080036c0   Section        0  stm32f1xx_hal_tim.o(i.TIM_ETR_SetConfig)
    TIM_ETR_SetConfig                        0x080036c1   Thumb Code    20  stm32f1xx_hal_tim.o(i.TIM_ETR_SetConfig)
    i.TIM_ITRx_SetConfig                     0x080036d4   Section        0  stm32f1xx_hal_tim.o(i.TIM_ITRx_SetConfig)
    TIM_ITRx_SetConfig                       0x080036d5   Thumb Code    16  stm32f1xx_hal_tim.o(i.TIM_ITRx_SetConfig)
    i.TIM_TI1_ConfigInputStage               0x080036e4   Section        0  stm32f1xx_hal_tim.o(i.TIM_TI1_ConfigInputStage)
    TIM_TI1_ConfigInputStage                 0x080036e5   Thumb Code    34  stm32f1xx_hal_tim.o(i.TIM_TI1_ConfigInputStage)
    i.TIM_TI2_ConfigInputStage               0x08003706   Section        0  stm32f1xx_hal_tim.o(i.TIM_TI2_ConfigInputStage)
    TIM_TI2_ConfigInputStage                 0x08003707   Thumb Code    36  stm32f1xx_hal_tim.o(i.TIM_TI2_ConfigInputStage)
    i.Temp_Alarm_CHK_Routine                 0x0800372c   Section        0  main.o(i.Temp_Alarm_CHK_Routine)
    i.UART_DMAAbortOnError                   0x080037f8   Section        0  stm32f1xx_hal_uart.o(i.UART_DMAAbortOnError)
    UART_DMAAbortOnError                     0x080037f9   Thumb Code    16  stm32f1xx_hal_uart.o(i.UART_DMAAbortOnError)
    i.UART_EndRxTransfer                     0x08003808   Section        0  stm32f1xx_hal_uart.o(i.UART_EndRxTransfer)
    UART_EndRxTransfer                       0x08003809   Thumb Code    28  stm32f1xx_hal_uart.o(i.UART_EndRxTransfer)
    i.UART_Receive_IT                        0x08003824   Section        0  stm32f1xx_hal_uart.o(i.UART_Receive_IT)
    UART_Receive_IT                          0x08003825   Thumb Code   150  stm32f1xx_hal_uart.o(i.UART_Receive_IT)
    i.UART_SetConfig                         0x080038bc   Section        0  stm32f1xx_hal_uart.o(i.UART_SetConfig)
    UART_SetConfig                           0x080038bd   Thumb Code   364  stm32f1xx_hal_uart.o(i.UART_SetConfig)
    i.UART_Transmit_IT                       0x08003a2c   Section        0  stm32f1xx_hal_uart.o(i.UART_Transmit_IT)
    UART_Transmit_IT                         0x08003a2d   Thumb Code    98  stm32f1xx_hal_uart.o(i.UART_Transmit_IT)
    i.UART_WaitOnFlagUntilTimeout            0x08003a8e   Section        0  stm32f1xx_hal_uart.o(i.UART_WaitOnFlagUntilTimeout)
    UART_WaitOnFlagUntilTimeout              0x08003a8f   Thumb Code   100  stm32f1xx_hal_uart.o(i.UART_WaitOnFlagUntilTimeout)
    i.USART1_IRQHandler                      0x08003af4   Section        0  stm32f1xx_it.o(i.USART1_IRQHandler)
    i.UsageFault_Handler                     0x08003b00   Section        0  stm32f1xx_it.o(i.UsageFault_Handler)
    i._Error_Handler                         0x08003b02   Section        0  main.o(i._Error_Handler)
    i.__0sprintf$1                           0x08003b04   Section        0  printf1.o(i.__0sprintf$1)
    i.__aeabi_errno_addr                     0x08003b2c   Section        0  errno.o(i.__aeabi_errno_addr)
    i.__kernel_poly                          0x08003b34   Section        0  poly.o(i.__kernel_poly)
    i.__mathlib_dbl_divzero                  0x08003be0   Section        0  dunder.o(i.__mathlib_dbl_divzero)
    i.__mathlib_dbl_infnan                   0x08003bf0   Section        0  dunder.o(i.__mathlib_dbl_infnan)
    i.__mathlib_dbl_invalid                  0x08003bf6   Section        0  dunder.o(i.__mathlib_dbl_invalid)
    i.__read_errno                           0x08003c04   Section        0  errno.o(i.__read_errno)
    i.__scatterload_copy                     0x08003c10   Section       14  handlers.o(i.__scatterload_copy)
    i.__scatterload_null                     0x08003c1e   Section        2  handlers.o(i.__scatterload_null)
    i.__scatterload_zeroinit                 0x08003c20   Section       14  handlers.o(i.__scatterload_zeroinit)
    i.__set_errno                            0x08003c30   Section        0  errno.o(i.__set_errno)
    i._is_digit                              0x08003c3c   Section        0  scanf_fp.o(i._is_digit)
    i._printf_core                           0x08003c4c   Section        0  printf1.o(i._printf_core)
    _printf_core                             0x08003c4d   Thumb Code   336  printf1.o(i._printf_core)
    i._sputc                                 0x08003da0   Section        0  printf1.o(i._sputc)
    _sputc                                   0x08003da1   Thumb Code    10  printf1.o(i._sputc)
    i.atof                                   0x08003daa   Section        0  atof.o(i.atof)
    i.log                                    0x08003dd4   Section        0  log.o(i.log)
    i.main                                   0x08004130   Section        0  main.o(i.main)
    .constdata                               0x08004210   Section       16  system_stm32f1xx.o(.constdata)
    .constdata                               0x08004220   Section        8  system_stm32f1xx.o(.constdata)
    .constdata                               0x08004228   Section       56  log.o(.constdata)
    Lg2                                      0x08004228   Data          24  log.o(.constdata)
    Lg                                       0x08004240   Data          32  log.o(.constdata)
    .constdata                               0x08004260   Section        8  qnan.o(.constdata)
    .constdata                               0x08004268   Section      129  ctype_o.o(.constdata)
    .constdata                               0x080042ec   Section        4  ctype_o.o(.constdata)
    table                                    0x080042ec   Data           4  ctype_o.o(.constdata)
    .data                                    0x20000000   Section       34  main.o(.data)
    house_temp_cmp_sta                       0x20000000   Data           1  main.o(.data)
    house_alarm_sta                          0x20000001   Data           1  main.o(.data)
    refri_alarm_sta                          0x20000002   Data           1  main.o(.data)
    .data                                    0x20000024   Section        4  stm32f1xx_hal.o(.data)
    .data                                    0x20000028   Section        4  system_stm32f1xx.o(.data)
    .data                                    0x2000002c   Section        4  errno.o(.data)
    _errno                                   0x2000002c   Data           4  errno.o(.data)
    .bss                                     0x20000030   Section      412  main.o(.bss)
    .bss                                     0x200001cc   Section       68  main.o(.bss)
    .bss                                     0x20000210   Section       68  main.o(.bss)
    STACK                                    0x20000258   Section     1024  startup_stm32f103xb.o(STACK)

    Global Symbols

    Symbol Name                              Value     Ov Type        Size  Object(Section)

    BuildAttributes$$THM_ISAv4$P$D$K$B$S$PE$A:L22UL41UL21$X:L11$S22US41US21$IEEE1$IW$USESV6$~STKCKD$USESV7$~SHL$OTIME$ROPI$IEEEX$EBA8$MICROLIB$REQ8$PRES8$EABIv2 0x00000000   Number         0  anon$$obj.o ABSOLUTE
    __ARM_use_no_argv                        0x00000000   Number         0  main.o ABSOLUTE
    _printf_a                                0x00000000   Number         0  stubs.o ABSOLUTE
    _printf_c                                0x00000000   Number         0  stubs.o ABSOLUTE
    _printf_charcount                        0x00000000   Number         0  stubs.o ABSOLUTE
    _printf_d                                0x00000000   Number         0  stubs.o ABSOLUTE
    _printf_e                                0x00000000   Number         0  stubs.o ABSOLUTE
    _printf_f                                0x00000000   Number         0  stubs.o ABSOLUTE
    _printf_flags                            0x00000000   Number         0  stubs.o ABSOLUTE
    _printf_fp_dec                           0x00000000   Number         0  stubs.o ABSOLUTE
    _printf_fp_hex                           0x00000000   Number         0  stubs.o ABSOLUTE
    _printf_g                                0x00000000   Number         0  stubs.o ABSOLUTE
    _printf_i                                0x00000000   Number         0  stubs.o ABSOLUTE
    _printf_int_dec                          0x00000000   Number         0  stubs.o ABSOLUTE
    _printf_l                                0x00000000   Number         0  stubs.o ABSOLUTE
    _printf_lc                               0x00000000   Number         0  stubs.o ABSOLUTE
    _printf_ll                               0x00000000   Number         0  stubs.o ABSOLUTE
    _printf_lld                              0x00000000   Number         0  stubs.o ABSOLUTE
    _printf_lli                              0x00000000   Number         0  stubs.o ABSOLUTE
    _printf_llo                              0x00000000   Number         0  stubs.o ABSOLUTE
    _printf_llu                              0x00000000   Number         0  stubs.o ABSOLUTE
    _printf_llx                              0x00000000   Number         0  stubs.o ABSOLUTE
    _printf_longlong_dec                     0x00000000   Number         0  stubs.o ABSOLUTE
    _printf_longlong_hex                     0x00000000   Number         0  stubs.o ABSOLUTE
    _printf_longlong_oct                     0x00000000   Number         0  stubs.o ABSOLUTE
    _printf_ls                               0x00000000   Number         0  stubs.o ABSOLUTE
    _printf_mbtowc                           0x00000000   Number         0  stubs.o ABSOLUTE
    _printf_n                                0x00000000   Number         0  stubs.o ABSOLUTE
    _printf_o                                0x00000000   Number         0  stubs.o ABSOLUTE
    _printf_p                                0x00000000   Number         0  stubs.o ABSOLUTE
    _printf_percent                          0x00000000   Number         0  stubs.o ABSOLUTE
    _printf_pre_padding                      0x00000000   Number         0  stubs.o ABSOLUTE
    _printf_return_value                     0x00000000   Number         0  stubs.o ABSOLUTE
    _printf_s                                0x00000000   Number         0  stubs.o ABSOLUTE
    _printf_sizespec                         0x00000000   Number         0  stubs.o ABSOLUTE
    _printf_str                              0x00000000   Number         0  stubs.o ABSOLUTE
    _printf_truncate_signed                  0x00000000   Number         0  stubs.o ABSOLUTE
    _printf_truncate_unsigned                0x00000000   Number         0  stubs.o ABSOLUTE
    _printf_u                                0x00000000   Number         0  stubs.o ABSOLUTE
    _printf_wc                               0x00000000   Number         0  stubs.o ABSOLUTE
    _printf_wctomb                           0x00000000   Number         0  stubs.o ABSOLUTE
    _printf_widthprec                        0x00000000   Number         0  stubs.o ABSOLUTE
    _printf_x                                0x00000000   Number         0  stubs.o ABSOLUTE
    __cpp_initialize__aeabi_                  - Undefined Weak Reference
    __cxa_finalize                            - Undefined Weak Reference
    __decompress                              - Undefined Weak Reference
    _clock_init                               - Undefined Weak Reference
    _microlib_exit                            - Undefined Weak Reference
    __Vectors_Size                           0x000000ec   Number         0  startup_stm32f103xb.o ABSOLUTE
    __Vectors                                0x08000000   Data           4  startup_stm32f103xb.o(RESET)
    __Vectors_End                            0x080000ec   Data           0  startup_stm32f103xb.o(RESET)
    __main                                   0x080000ed   Thumb Code     0  entry.o(.ARM.Collect$$$$00000000)
    _main_stk                                0x080000ed   Thumb Code     0  entry2.o(.ARM.Collect$$$$00000001)
    _main_scatterload                        0x080000f1   Thumb Code     0  entry5.o(.ARM.Collect$$$$00000004)
    __main_after_scatterload                 0x080000f5   Thumb Code     0  entry5.o(.ARM.Collect$$$$00000004)
    _main_clock                              0x080000f5   Thumb Code     0  entry7b.o(.ARM.Collect$$$$00000008)
    _main_cpp_init                           0x080000f5   Thumb Code     0  entry8b.o(.ARM.Collect$$$$0000000A)
    _main_init                               0x080000f5   Thumb Code     0  entry9a.o(.ARM.Collect$$$$0000000B)
    __rt_final_cpp                           0x080000fd   Thumb Code     0  entry10a.o(.ARM.Collect$$$$0000000D)
    __rt_final_exit                          0x080000fd   Thumb Code     0  entry11a.o(.ARM.Collect$$$$0000000F)
    Reset_Handler                            0x08000101   Thumb Code     8  startup_stm32f103xb.o(.text)
    CAN1_RX1_IRQHandler                      0x0800011b   Thumb Code     0  startup_stm32f103xb.o(.text)
    CAN1_SCE_IRQHandler                      0x0800011b   Thumb Code     0  startup_stm32f103xb.o(.text)
    DMA1_Channel2_IRQHandler                 0x0800011b   Thumb Code     0  startup_stm32f103xb.o(.text)
    DMA1_Channel3_IRQHandler                 0x0800011b   Thumb Code     0  startup_stm32f103xb.o(.text)
    DMA1_Channel4_IRQHandler                 0x0800011b   Thumb Code     0  startup_stm32f103xb.o(.text)
    DMA1_Channel6_IRQHandler                 0x0800011b   Thumb Code     0  startup_stm32f103xb.o(.text)
    DMA1_Channel7_IRQHandler                 0x0800011b   Thumb Code     0  startup_stm32f103xb.o(.text)
    EXTI0_IRQHandler                         0x0800011b   Thumb Code     0  startup_stm32f103xb.o(.text)
    EXTI15_10_IRQHandler                     0x0800011b   Thumb Code     0  startup_stm32f103xb.o(.text)
    EXTI1_IRQHandler                         0x0800011b   Thumb Code     0  startup_stm32f103xb.o(.text)
    EXTI2_IRQHandler                         0x0800011b   Thumb Code     0  startup_stm32f103xb.o(.text)
    EXTI3_IRQHandler                         0x0800011b   Thumb Code     0  startup_stm32f103xb.o(.text)
    EXTI4_IRQHandler                         0x0800011b   Thumb Code     0  startup_stm32f103xb.o(.text)
    EXTI9_5_IRQHandler                       0x0800011b   Thumb Code     0  startup_stm32f103xb.o(.text)
    FLASH_IRQHandler                         0x0800011b   Thumb Code     0  startup_stm32f103xb.o(.text)
    I2C1_ER_IRQHandler                       0x0800011b   Thumb Code     0  startup_stm32f103xb.o(.text)
    I2C1_EV_IRQHandler                       0x0800011b   Thumb Code     0  startup_stm32f103xb.o(.text)
    I2C2_ER_IRQHandler                       0x0800011b   Thumb Code     0  startup_stm32f103xb.o(.text)
    I2C2_EV_IRQHandler                       0x0800011b   Thumb Code     0  startup_stm32f103xb.o(.text)
    PVD_IRQHandler                           0x0800011b   Thumb Code     0  startup_stm32f103xb.o(.text)
    RCC_IRQHandler                           0x0800011b   Thumb Code     0  startup_stm32f103xb.o(.text)
    RTC_Alarm_IRQHandler                     0x0800011b   Thumb Code     0  startup_stm32f103xb.o(.text)
    RTC_IRQHandler                           0x0800011b   Thumb Code     0  startup_stm32f103xb.o(.text)
    SPI1_IRQHandler                          0x0800011b   Thumb Code     0  startup_stm32f103xb.o(.text)
    SPI2_IRQHandler                          0x0800011b   Thumb Code     0  startup_stm32f103xb.o(.text)
    TAMPER_IRQHandler                        0x0800011b   Thumb Code     0  startup_stm32f103xb.o(.text)
    TIM1_BRK_IRQHandler                      0x0800011b   Thumb Code     0  startup_stm32f103xb.o(.text)
    TIM1_CC_IRQHandler                       0x0800011b   Thumb Code     0  startup_stm32f103xb.o(.text)
    TIM1_TRG_COM_IRQHandler                  0x0800011b   Thumb Code     0  startup_stm32f103xb.o(.text)
    TIM1_UP_IRQHandler                       0x0800011b   Thumb Code     0  startup_stm32f103xb.o(.text)
    TIM3_IRQHandler                          0x0800011b   Thumb Code     0  startup_stm32f103xb.o(.text)
    TIM4_IRQHandler                          0x0800011b   Thumb Code     0  startup_stm32f103xb.o(.text)
    USART2_IRQHandler                        0x0800011b   Thumb Code     0  startup_stm32f103xb.o(.text)
    USART3_IRQHandler                        0x0800011b   Thumb Code     0  startup_stm32f103xb.o(.text)
    USBWakeUp_IRQHandler                     0x0800011b   Thumb Code     0  startup_stm32f103xb.o(.text)
    USB_HP_CAN1_TX_IRQHandler                0x0800011b   Thumb Code     0  startup_stm32f103xb.o(.text)
    USB_LP_CAN1_RX0_IRQHandler               0x0800011b   Thumb Code     0  startup_stm32f103xb.o(.text)
    WWDG_IRQHandler                          0x0800011b   Thumb Code     0  startup_stm32f103xb.o(.text)
    __aeabi_llsr                             0x08000125   Thumb Code    32  llushr.o(.text)
    _ll_ushift_r                             0x08000125   Thumb Code     0  llushr.o(.text)
    atol                                     0x08000145   Thumb Code    26  atol.o(.text)
    __aeabi_fadd                             0x0800015f   Thumb Code   164  fadd.o(.text)
    __aeabi_fsub                             0x08000203   Thumb Code     6  fadd.o(.text)
    __aeabi_frsub                            0x08000209   Thumb Code     6  fadd.o(.text)
    __aeabi_fmul                             0x0800020f   Thumb Code   100  fmul.o(.text)
    __aeabi_fdiv                             0x08000273   Thumb Code   124  fdiv.o(.text)
    __ARM_scalbnf                            0x080002ef   Thumb Code    24  fscalb.o(.text)
    scalbnf                                  0x080002ef   Thumb Code     0  fscalb.o(.text)
    __aeabi_dadd                             0x08000307   Thumb Code   322  dadd.o(.text)
    __aeabi_dsub                             0x08000449   Thumb Code     6  dadd.o(.text)
    __aeabi_drsub                            0x0800044f   Thumb Code     6  dadd.o(.text)
    __aeabi_ddiv                             0x08000455   Thumb Code   222  ddiv.o(.text)
    __aeabi_i2f                              0x08000533   Thumb Code    18  fflti.o(.text)
    __aeabi_ui2f                             0x08000545   Thumb Code    10  ffltui.o(.text)
    __aeabi_f2iz                             0x0800054f   Thumb Code    50  ffixi.o(.text)
    __aeabi_f2d                              0x08000581   Thumb Code    38  f2d.o(.text)
    __aeabi_d2f                              0x080005a7   Thumb Code    56  d2f.o(.text)
    __aeabi_uidiv                            0x080005df   Thumb Code     0  uidiv.o(.text)
    __aeabi_uidivmod                         0x080005df   Thumb Code    44  uidiv.o(.text)
    __aeabi_llsl                             0x0800060b   Thumb Code    30  llshl.o(.text)
    _ll_shift_l                              0x0800060b   Thumb Code     0  llshl.o(.text)
    __aeabi_lasr                             0x08000629   Thumb Code    36  llsshr.o(.text)
    _ll_sshift_r                             0x08000629   Thumb Code     0  llsshr.o(.text)
    __strtod_int                             0x08000683   Thumb Code    90  strtod.o(.text)
    strtol                                   0x080006e9   Thumb Code   112  strtol.o(.text)
    __I$use$fp                               0x08000759   Thumb Code     0  iusefp.o(.text)
    _float_round                             0x08000759   Thumb Code    18  fepilogue.o(.text)
    _float_epilogue                          0x0800076b   Thumb Code    92  fepilogue.o(.text)
    _double_round                            0x080007c7   Thumb Code    30  depilogue.o(.text)
    _double_epilogue                         0x080007e5   Thumb Code   156  depilogue.o(.text)
    __aeabi_dmul                             0x08000881   Thumb Code   228  dmul.o(.text)
    __ARM_scalbn                             0x08000965   Thumb Code    46  dscalb.o(.text)
    scalbn                                   0x08000965   Thumb Code     0  dscalb.o(.text)
    __aeabi_i2d                              0x08000993   Thumb Code    34  dflti.o(.text)
    __aeabi_cdcmpeq                          0x080009b5   Thumb Code     0  cdcmple.o(.text)
    __aeabi_cdcmple                          0x080009b5   Thumb Code    48  cdcmple.o(.text)
    __scatterload                            0x080009e5   Thumb Code    28  init.o(.text)
    __scatterload_rt2                        0x080009e5   Thumb Code     0  init.o(.text)
    __rt_ctype_table                         0x08000a09   Thumb Code     4  ctype_o.o(.text)
    isspace                                  0x08000a11   Thumb Code    18  isspace_o.o(.text)
    _scanf_real                              0x08000b25   Thumb Code     0  scanf_fp.o(.text)
    _scanf_really_real                       0x08000b25   Thumb Code   556  scanf_fp.o(.text)
    _sgetc                                   0x08000d5d   Thumb Code    30  _sgetc.o(.text)
    _sbackspace                              0x08000d7b   Thumb Code    34  _sgetc.o(.text)
    _strtoul                                 0x08000d9d   Thumb Code   158  _strtoul.o(.text)
    _chval                                   0x08000e3b   Thumb Code    28  _chval.o(.text)
    __aeabi_ul2d                             0x08000e57   Thumb Code    24  dfltul.o(.text)
    ADC1_2_IRQHandler                        0x08000e71   Thumb Code     6  stm32f1xx_it.o(i.ADC1_2_IRQHandler)
    ADC_ConversionStop_Disable               0x08000e7d   Thumb Code    76  stm32f1xx_hal_adc.o(i.ADC_ConversionStop_Disable)
    ADC_DMAConvCplt                          0x08000ec9   Thumb Code    78  stm32f1xx_hal_adc.o(i.ADC_DMAConvCplt)
    ADC_DMAError                             0x08000f17   Thumb Code    26  stm32f1xx_hal_adc.o(i.ADC_DMAError)
    ADC_DMAHalfConvCplt                      0x08000f31   Thumb Code    10  stm32f1xx_hal_adc.o(i.ADC_DMAHalfConvCplt)
    ADC_Enable                               0x08000f3d   Thumb Code   104  stm32f1xx_hal_adc.o(i.ADC_Enable)
    ADC_Read_Data                            0x08000fad   Thumb Code    80  main.o(i.ADC_Read_Data)
    BusFault_Handler                         0x08001005   Thumb Code     2  stm32f1xx_it.o(i.BusFault_Handler)
    CMP_CHK_Routine                          0x08001009   Thumb Code   160  main.o(i.CMP_CHK_Routine)
    DMA1_Channel1_IRQHandler                 0x080010b5   Thumb Code     6  stm32f1xx_it.o(i.DMA1_Channel1_IRQHandler)
    DMA1_Channel5_IRQHandler                 0x080010c1   Thumb Code     6  stm32f1xx_it.o(i.DMA1_Channel5_IRQHandler)
    DebugMon_Handler                         0x080010f7   Thumb Code     2  stm32f1xx_it.o(i.DebugMon_Handler)
    Get_Data                                 0x080010f9   Thumb Code   918  main.o(i.Get_Data)
    HAL_ADCEx_InjectedConvCpltCallback       0x080014a5   Thumb Code     2  stm32f1xx_hal_adc_ex.o(i.HAL_ADCEx_InjectedConvCpltCallback)
    HAL_ADC_ConfigChannel                    0x080014a9   Thumb Code   240  stm32f1xx_hal_adc.o(i.HAL_ADC_ConfigChannel)
    HAL_ADC_ConvCpltCallback                 0x080015a5   Thumb Code   640  main.o(i.HAL_ADC_ConvCpltCallback)
    HAL_ADC_ConvHalfCpltCallback             0x08001849   Thumb Code     2  stm32f1xx_hal_adc.o(i.HAL_ADC_ConvHalfCpltCallback)
    HAL_ADC_ErrorCallback                    0x0800184b   Thumb Code     2  stm32f1xx_hal_adc.o(i.HAL_ADC_ErrorCallback)
    HAL_ADC_IRQHandler                       0x0800184d   Thumb Code   230  stm32f1xx_hal_adc.o(i.HAL_ADC_IRQHandler)
    HAL_ADC_Init                             0x08001935   Thumb Code   272  stm32f1xx_hal_adc.o(i.HAL_ADC_Init)
    HAL_ADC_LevelOutOfWindowCallback         0x08001a51   Thumb Code     2  stm32f1xx_hal_adc.o(i.HAL_ADC_LevelOutOfWindowCallback)
    HAL_ADC_MspInit                          0x08001a55   Thumb Code   118  stm32f1xx_hal_msp.o(i.HAL_ADC_MspInit)
    HAL_ADC_Start                            0x08001afd   Thumb Code   184  stm32f1xx_hal_adc.o(i.HAL_ADC_Start)
    HAL_ADC_Start_DMA                        0x08001bbd   Thumb Code   246  stm32f1xx_hal_adc.o(i.HAL_ADC_Start_DMA)
    HAL_ADC_Stop                             0x08001cc9   Thumb Code    52  stm32f1xx_hal_adc.o(i.HAL_ADC_Stop)
    HAL_ADC_Stop_DMA                         0x08001cfd   Thumb Code    76  stm32f1xx_hal_adc.o(i.HAL_ADC_Stop_DMA)
    HAL_DMA_Abort                            0x08001d49   Thumb Code    48  stm32f1xx_hal_dma.o(i.HAL_DMA_Abort)
    HAL_DMA_Abort_IT                         0x08001d79   Thumb Code   148  stm32f1xx_hal_dma.o(i.HAL_DMA_Abort_IT)
    HAL_DMA_IRQHandler                       0x08001e11   Thumb Code   316  stm32f1xx_hal_dma.o(i.HAL_DMA_IRQHandler)
    HAL_DMA_Init                             0x08001f65   Thumb Code    92  stm32f1xx_hal_dma.o(i.HAL_DMA_Init)
    HAL_DMA_Start_IT                         0x08001fc9   Thumb Code   112  stm32f1xx_hal_dma.o(i.HAL_DMA_Start_IT)
    HAL_Delay                                0x08002039   Thumb Code    28  stm32f1xx_hal.o(i.HAL_Delay)
    HAL_GPIO_Init                            0x08002055   Thumb Code   408  stm32f1xx_hal_gpio.o(i.HAL_GPIO_Init)
    HAL_GPIO_ReadPin                         0x08002211   Thumb Code    10  stm32f1xx_hal_gpio.o(i.HAL_GPIO_ReadPin)
    HAL_GPIO_WritePin                        0x0800221b   Thumb Code    10  stm32f1xx_hal_gpio.o(i.HAL_GPIO_WritePin)
    HAL_GetTick                              0x08002225   Thumb Code     6  stm32f1xx_hal.o(i.HAL_GetTick)
    HAL_IncTick                              0x08002231   Thumb Code    10  stm32f1xx_hal.o(i.HAL_IncTick)
    HAL_Init                                 0x08002241   Thumb Code    32  stm32f1xx_hal.o(i.HAL_Init)
    HAL_InitTick                             0x08002265   Thumb Code    34  stm32f1xx_hal.o(i.HAL_InitTick)
    HAL_MspInit                              0x0800228d   Thumb Code   118  stm32f1xx_hal_msp.o(i.HAL_MspInit)
    HAL_NVIC_EnableIRQ                       0x0800230d   Thumb Code    22  stm32f1xx_hal_cortex.o(i.HAL_NVIC_EnableIRQ)
    HAL_NVIC_SetPriority                     0x08002325   Thumb Code    60  stm32f1xx_hal_cortex.o(i.HAL_NVIC_SetPriority)
    HAL_NVIC_SetPriorityGrouping             0x08002365   Thumb Code    26  stm32f1xx_hal_cortex.o(i.HAL_NVIC_SetPriorityGrouping)
    HAL_RCCEx_PeriphCLKConfig                0x08002389   Thumb Code   224  stm32f1xx_hal_rcc_ex.o(i.HAL_RCCEx_PeriphCLKConfig)
    HAL_RCC_ClockConfig                      0x08002475   Thumb Code   322  stm32f1xx_hal_rcc.o(i.HAL_RCC_ClockConfig)
    HAL_RCC_GetHCLKFreq                      0x080025c9   Thumb Code     6  stm32f1xx_hal_rcc.o(i.HAL_RCC_GetHCLKFreq)
    HAL_RCC_GetPCLK1Freq                     0x080025d5   Thumb Code    20  stm32f1xx_hal_rcc.o(i.HAL_RCC_GetPCLK1Freq)
    HAL_RCC_GetPCLK2Freq                     0x080025f5   Thumb Code    20  stm32f1xx_hal_rcc.o(i.HAL_RCC_GetPCLK2Freq)
    HAL_RCC_GetSysClockFreq                  0x08002615   Thumb Code    74  stm32f1xx_hal_rcc.o(i.HAL_RCC_GetSysClockFreq)
    HAL_RCC_OscConfig                        0x08002681   Thumb Code   750  stm32f1xx_hal_rcc.o(i.HAL_RCC_OscConfig)
    HAL_SYSTICK_CLKSourceConfig              0x08002985   Thumb Code    24  stm32f1xx_hal_cortex.o(i.HAL_SYSTICK_CLKSourceConfig)
    HAL_SYSTICK_Callback                     0x0800299d   Thumb Code     2  stm32f1xx_hal_cortex.o(i.HAL_SYSTICK_Callback)
    HAL_SYSTICK_Config                       0x0800299f   Thumb Code    40  stm32f1xx_hal_cortex.o(i.HAL_SYSTICK_Config)
    HAL_SYSTICK_IRQHandler                   0x080029c7   Thumb Code     8  stm32f1xx_hal_cortex.o(i.HAL_SYSTICK_IRQHandler)
    HAL_TIMEx_BreakCallback                  0x080029cf   Thumb Code     2  stm32f1xx_hal_tim_ex.o(i.HAL_TIMEx_BreakCallback)
    HAL_TIMEx_CommutationCallback            0x080029d1   Thumb Code     2  stm32f1xx_hal_tim_ex.o(i.HAL_TIMEx_CommutationCallback)
    HAL_TIMEx_MasterConfigSynchronization    0x080029d3   Thumb Code    80  stm32f1xx_hal_tim_ex.o(i.HAL_TIMEx_MasterConfigSynchronization)
    HAL_TIM_Base_Init                        0x08002a23   Thumb Code    54  stm32f1xx_hal_tim.o(i.HAL_TIM_Base_Init)
    HAL_TIM_Base_MspInit                     0x08002a59   Thumb Code    50  stm32f1xx_hal_msp.o(i.HAL_TIM_Base_MspInit)
    HAL_TIM_Base_Start_IT                    0x08002a91   Thumb Code    24  stm32f1xx_hal_tim.o(i.HAL_TIM_Base_Start_IT)
    HAL_TIM_ConfigClockSource                0x08002aa9   Thumb Code   242  stm32f1xx_hal_tim.o(i.HAL_TIM_ConfigClockSource)
    HAL_TIM_IC_CaptureCallback               0x08002b9b   Thumb Code     2  stm32f1xx_hal_tim.o(i.HAL_TIM_IC_CaptureCallback)
    HAL_TIM_IRQHandler                       0x08002b9d   Thumb Code   358  stm32f1xx_hal_tim.o(i.HAL_TIM_IRQHandler)
    HAL_TIM_OC_DelayElapsedCallback          0x08002d03   Thumb Code     2  stm32f1xx_hal_tim.o(i.HAL_TIM_OC_DelayElapsedCallback)
    HAL_TIM_PWM_PulseFinishedCallback        0x08002d05   Thumb Code     2  stm32f1xx_hal_tim.o(i.HAL_TIM_PWM_PulseFinishedCallback)
    HAL_TIM_PeriodElapsedCallback            0x08002d07   Thumb Code     2  stm32f1xx_hal_tim.o(i.HAL_TIM_PeriodElapsedCallback)
    HAL_TIM_TriggerCallback                  0x08002d09   Thumb Code     2  stm32f1xx_hal_tim.o(i.HAL_TIM_TriggerCallback)
    HAL_UART_ErrorCallback                   0x08002d0b   Thumb Code     2  stm32f1xx_hal_uart.o(i.HAL_UART_ErrorCallback)
    HAL_UART_IRQHandler                      0x08002d0d   Thumb Code   266  stm32f1xx_hal_uart.o(i.HAL_UART_IRQHandler)
    HAL_UART_Init                            0x08002e1d   Thumb Code    98  stm32f1xx_hal_uart.o(i.HAL_UART_Init)
    HAL_UART_MspInit                         0x08002e81   Thumb Code   136  stm32f1xx_hal_msp.o(i.HAL_UART_MspInit)
    HAL_UART_Receive                         0x08002f39   Thumb Code   184  stm32f1xx_hal_uart.o(i.HAL_UART_Receive)
    HAL_UART_RxCpltCallback                  0x08002ff1   Thumb Code     2  stm32f1xx_hal_uart.o(i.HAL_UART_RxCpltCallback)
    HAL_UART_Transmit                        0x08002ff3   Thumb Code   186  stm32f1xx_hal_uart.o(i.HAL_UART_Transmit)
    HAL_UART_TxCpltCallback                  0x080030ad   Thumb Code     2  stm32f1xx_hal_uart.o(i.HAL_UART_TxCpltCallback)
    HardFault_Handler                        0x080030af   Thumb Code     2  stm32f1xx_it.o(i.HardFault_Handler)
    IO_CHK_Routine                           0x080030b1   Thumb Code   118  main.o(i.IO_CHK_Routine)
    MemManage_Handler                        0x08003271   Thumb Code     2  stm32f1xx_it.o(i.MemManage_Handler)
    NMI_Handler                              0x08003273   Thumb Code     2  stm32f1xx_it.o(i.NMI_Handler)
    PendSV_Handler                           0x08003295   Thumb Code     2  stm32f1xx_it.o(i.PendSV_Handler)
    Refri_CHK_Routine                        0x08003299   Thumb Code    58  main.o(i.Refri_CHK_Routine)
    SRP_CHK_Routine                          0x080032dd   Thumb Code   252  main.o(i.SRP_CHK_Routine)
    SVC_Handler                              0x080033e9   Thumb Code     2  stm32f1xx_it.o(i.SVC_Handler)
    SysTick_Handler                          0x080033eb   Thumb Code    14  stm32f1xx_it.o(i.SysTick_Handler)
    SystemClock_Config                       0x080033f9   Thumb Code   116  main.o(i.SystemClock_Config)
    SystemInit                               0x0800346d   Thumb Code    56  system_stm32f1xx.o(i.SystemInit)
    TIM2_IRQHandler                          0x080034b5   Thumb Code   350  stm32f1xx_it.o(i.TIM2_IRQHandler)
    TIM_Base_SetConfig                       0x08003655   Thumb Code    94  stm32f1xx_hal_tim.o(i.TIM_Base_SetConfig)
    Temp_Alarm_CHK_Routine                   0x0800372d   Thumb Code   194  main.o(i.Temp_Alarm_CHK_Routine)
    USART1_IRQHandler                        0x08003af5   Thumb Code     6  stm32f1xx_it.o(i.USART1_IRQHandler)
    UsageFault_Handler                       0x08003b01   Thumb Code     2  stm32f1xx_it.o(i.UsageFault_Handler)
    _Error_Handler                           0x08003b03   Thumb Code     2  main.o(i._Error_Handler)
    __0sprintf$1                             0x08003b05   Thumb Code    34  printf1.o(i.__0sprintf$1)
    __1sprintf$1                             0x08003b05   Thumb Code     0  printf1.o(i.__0sprintf$1)
    __2sprintf                               0x08003b05   Thumb Code     0  printf1.o(i.__0sprintf$1)
    __aeabi_errno_addr                       0x08003b2d   Thumb Code     4  errno.o(i.__aeabi_errno_addr)
    __rt_errno_addr                          0x08003b2d   Thumb Code     0  errno.o(i.__aeabi_errno_addr)
    __kernel_poly                            0x08003b35   Thumb Code   170  poly.o(i.__kernel_poly)
    __mathlib_dbl_divzero                    0x08003be1   Thumb Code    12  dunder.o(i.__mathlib_dbl_divzero)
    __mathlib_dbl_infnan                     0x08003bf1   Thumb Code     6  dunder.o(i.__mathlib_dbl_infnan)
    __mathlib_dbl_invalid                    0x08003bf7   Thumb Code    12  dunder.o(i.__mathlib_dbl_invalid)
    __read_errno                             0x08003c05   Thumb Code     6  errno.o(i.__read_errno)
    __scatterload_copy                       0x08003c11   Thumb Code    14  handlers.o(i.__scatterload_copy)
    __scatterload_null                       0x08003c1f   Thumb Code     2  handlers.o(i.__scatterload_null)
    __scatterload_zeroinit                   0x08003c21   Thumb Code    14  handlers.o(i.__scatterload_zeroinit)
    __set_errno                              0x08003c31   Thumb Code     6  errno.o(i.__set_errno)
    _is_digit                                0x08003c3d   Thumb Code    14  scanf_fp.o(i._is_digit)
    atof                                     0x08003dab   Thumb Code    42  atof.o(i.atof)
    log                                      0x08003dd5   Thumb Code   808  log.o(i.log)
    main                                     0x08004131   Thumb Code   208  main.o(i.main)
    AHBPrescTable                            0x08004210   Data          16  system_stm32f1xx.o(.constdata)
    APBPrescTable                            0x08004220   Data           8  system_stm32f1xx.o(.constdata)
    __mathlib_zero                           0x08004260   Data           8  qnan.o(.constdata)
    __ctype_table                            0x08004268   Data         129  ctype_o.o(.constdata)
    Region$$Table$$Base                      0x080042f0   Number         0  anon$$obj.o(Region$$Table)
    Region$$Table$$Limit                     0x08004310   Number         0  anon$$obj.o(Region$$Table)
    fan_CNT_Sta                              0x20000003   Data           1  main.o(.data)
    tube_CNT_Sta                             0x20000004   Data           1  main.o(.data)
    defrost_cyc_CNT_Sta                      0x20000005   Data           1  main.o(.data)
    defrost_CNT_Sta                          0x20000006   Data           1  main.o(.data)
    drip_CNT_Sta                             0x20000007   Data           1  main.o(.data)
    house_temp_H_CNT_Sta                     0x20000008   Data           1  main.o(.data)
    house_temp_L_CNT_Sta                     0x20000009   Data           1  main.o(.data)
    refri_temp_H_CNT_Sta                     0x2000000a   Data           1  main.o(.data)
    refri_temp_L_CNT_Sta                     0x2000000b   Data           1  main.o(.data)
    door_open_del_CNT_Sta                    0x2000000c   Data           1  main.o(.data)
    Alarm_Blind_CNT_Sta                      0x2000000d   Data           1  main.o(.data)
    SRP_Routine_Sta                          0x2000000e   Data           1  main.o(.data)
    Boot_CNT_Sta                             0x2000000f   Data           1  main.o(.data)
    CMP                                      0x20000010   Data           1  main.o(.data)
    _leng                                    0x20000011   Data           2  main.o(.data)
    _null                                    0x20000013   Data           3  main.o(.data)
    _rept                                    0x20000016   Data           5  main.o(.data)
    IO_Status                                0x2000001b   Data           7  main.o(.data)
    uwTick                                   0x20000024   Data           4  stm32f1xx_hal.o(.data)
    SystemCoreClock                          0x20000028   Data           4  system_stm32f1xx.o(.data)
    hadc1                                    0x20000030   Data          48  main.o(.bss)
    htim2                                    0x20000060   Data          64  main.o(.bss)
    huart1                                   0x200000a0   Data          64  main.o(.bss)
    CNT                                      0x200000e0   Data          96  main.o(.bss)
    Temp                                     0x20000140   Data          80  main.o(.bss)
    NTC                                      0x20000190   Data          36  main.o(.bss)
    ADC_Buf                                  0x200001b4   Data          24  main.o(.bss)
    hdma_adc1                                0x200001cc   Data          68  main.o(.bss)
    hdma_usart1_rx                           0x20000210   Data          68  main.o(.bss)
    __initial_sp                             0x20000658   Data           0  startup_stm32f103xb.o(STACK)



==============================================================================

Memory Map of the image

  Image Entry point : 0x080000ed

  Load Region LR_IROM1 (Base: 0x08000000, Size: 0x00004340, Max: 0x00010000, ABSOLUTE)

    Execution Region ER_IROM1 (Base: 0x08000000, Size: 0x00004310, Max: 0x00010000, ABSOLUTE)

    Base Addr    Size         Type   Attr      Idx    E Section Name        Object

    0x08000000   0x000000ec   Data   RO            3    RESET               startup_stm32f103xb.o
    0x080000ec   0x00000000   Code   RO         2805  * .ARM.Collect$$$$00000000  mc_w.l(entry.o)
    0x080000ec   0x00000004   Code   RO         3112    .ARM.Collect$$$$00000001  mc_w.l(entry2.o)
    0x080000f0   0x00000004   Code   RO         3115    .ARM.Collect$$$$00000004  mc_w.l(entry5.o)
    0x080000f4   0x00000000   Code   RO         3117    .ARM.Collect$$$$00000008  mc_w.l(entry7b.o)
    0x080000f4   0x00000000   Code   RO         3119    .ARM.Collect$$$$0000000A  mc_w.l(entry8b.o)
    0x080000f4   0x00000008   Code   RO         3120    .ARM.Collect$$$$0000000B  mc_w.l(entry9a.o)
    0x080000fc   0x00000000   Code   RO         3122    .ARM.Collect$$$$0000000D  mc_w.l(entry10a.o)
    0x080000fc   0x00000000   Code   RO         3124    .ARM.Collect$$$$0000000F  mc_w.l(entry11a.o)
    0x080000fc   0x00000004   Code   RO         3113    .ARM.Collect$$$$00002712  mc_w.l(entry2.o)
    0x08000100   0x00000024   Code   RO            4    .text               startup_stm32f103xb.o
    0x08000124   0x00000020   Code   RO         2808    .text               mc_w.l(llushr.o)
    0x08000144   0x0000001a   Code   RO         3071    .text               mc_w.l(atol.o)
    0x0800015e   0x000000b0   Code   RO         3073    .text               mf_w.l(fadd.o)
    0x0800020e   0x00000064   Code   RO         3075    .text               mf_w.l(fmul.o)
    0x08000272   0x0000007c   Code   RO         3077    .text               mf_w.l(fdiv.o)
    0x080002ee   0x00000018   Code   RO         3079    .text               mf_w.l(fscalb.o)
    0x08000306   0x0000014e   Code   RO         3081    .text               mf_w.l(dadd.o)
    0x08000454   0x000000de   Code   RO         3083    .text               mf_w.l(ddiv.o)
    0x08000532   0x00000012   Code   RO         3085    .text               mf_w.l(fflti.o)
    0x08000544   0x0000000a   Code   RO         3087    .text               mf_w.l(ffltui.o)
    0x0800054e   0x00000032   Code   RO         3089    .text               mf_w.l(ffixi.o)
    0x08000580   0x00000026   Code   RO         3091    .text               mf_w.l(f2d.o)
    0x080005a6   0x00000038   Code   RO         3093    .text               mf_w.l(d2f.o)
    0x080005de   0x0000002c   Code   RO         3129    .text               mc_w.l(uidiv.o)
    0x0800060a   0x0000001e   Code   RO         3133    .text               mc_w.l(llshl.o)
    0x08000628   0x00000024   Code   RO         3135    .text               mc_w.l(llsshr.o)
    0x0800064c   0x0000009c   Code   RO         3144    .text               mc_w.l(strtod.o)
    0x080006e8   0x00000070   Code   RO         3146    .text               mc_w.l(strtol.o)
    0x08000758   0x00000000   Code   RO         3148    .text               mc_w.l(iusefp.o)
    0x08000758   0x0000006e   Code   RO         3149    .text               mf_w.l(fepilogue.o)
    0x080007c6   0x000000ba   Code   RO         3151    .text               mf_w.l(depilogue.o)
    0x08000880   0x000000e4   Code   RO         3153    .text               mf_w.l(dmul.o)
    0x08000964   0x0000002e   Code   RO         3155    .text               mf_w.l(dscalb.o)
    0x08000992   0x00000022   Code   RO         3157    .text               mf_w.l(dflti.o)
    0x080009b4   0x00000030   Code   RO         3161    .text               mf_w.l(cdcmple.o)
    0x080009e4   0x00000024   Code   RO         3165    .text               mc_w.l(init.o)
    0x08000a08   0x00000008   Code   RO         3170    .text               mc_w.l(ctype_o.o)
    0x08000a10   0x00000012   Code   RO         3192    .text               mc_w.l(isspace_o.o)
    0x08000a22   0x00000002   PAD
    0x08000a24   0x00000338   Code   RO         3198    .text               mc_w.l(scanf_fp.o)
    0x08000d5c   0x00000040   Code   RO         3202    .text               mc_w.l(_sgetc.o)
    0x08000d9c   0x0000009e   Code   RO         3204    .text               mc_w.l(_strtoul.o)
    0x08000e3a   0x0000001c   Code   RO         3210    .text               mc_w.l(_chval.o)
    0x08000e56   0x00000018   Code   RO         3212    .text               mf_w.l(dfltul.o)
    0x08000e6e   0x00000002   PAD
    0x08000e70   0x0000000c   Code   RO          162    i.ADC1_2_IRQHandler  stm32f1xx_it.o
    0x08000e7c   0x0000004c   Code   RO         2021    i.ADC_ConversionStop_Disable  stm32f1xx_hal_adc.o
    0x08000ec8   0x0000004e   Code   RO         2022    i.ADC_DMAConvCplt   stm32f1xx_hal_adc.o
    0x08000f16   0x0000001a   Code   RO         2023    i.ADC_DMAError      stm32f1xx_hal_adc.o
    0x08000f30   0x0000000a   Code   RO         2024    i.ADC_DMAHalfConvCplt  stm32f1xx_hal_adc.o
    0x08000f3a   0x00000002   PAD
    0x08000f3c   0x00000070   Code   RO         2025    i.ADC_Enable        stm32f1xx_hal_adc.o
    0x08000fac   0x00000058   Code   RO          268    i.ADC_Read_Data     main.o
    0x08001004   0x00000002   Code   RO          163    i.BusFault_Handler  stm32f1xx_it.o
    0x08001006   0x00000002   PAD
    0x08001008   0x000000ac   Code   RO          269    i.CMP_CHK_Routine   main.o
    0x080010b4   0x0000000c   Code   RO          164    i.DMA1_Channel1_IRQHandler  stm32f1xx_it.o
    0x080010c0   0x0000000c   Code   RO          165    i.DMA1_Channel5_IRQHandler  stm32f1xx_it.o
    0x080010cc   0x0000002a   Code   RO          384    i.DMA_SetConfig     stm32f1xx_hal_dma.o
    0x080010f6   0x00000002   Code   RO          166    i.DebugMon_Handler  stm32f1xx_it.o
    0x080010f8   0x000003ac   Code   RO          270    i.Get_Data          main.o
    0x080014a4   0x00000002   Code   RO         1927    i.HAL_ADCEx_InjectedConvCpltCallback  stm32f1xx_hal_adc_ex.o
    0x080014a6   0x00000002   PAD
    0x080014a8   0x000000fc   Code   RO         2027    i.HAL_ADC_ConfigChannel  stm32f1xx_hal_adc.o
    0x080015a4   0x000002a4   Code   RO          271    i.HAL_ADC_ConvCpltCallback  main.o
    0x08001848   0x00000002   Code   RO         2029    i.HAL_ADC_ConvHalfCpltCallback  stm32f1xx_hal_adc.o
    0x0800184a   0x00000002   Code   RO         2031    i.HAL_ADC_ErrorCallback  stm32f1xx_hal_adc.o
    0x0800184c   0x000000e6   Code   RO         2035    i.HAL_ADC_IRQHandler  stm32f1xx_hal_adc.o
    0x08001932   0x00000002   PAD
    0x08001934   0x0000011c   Code   RO         2036    i.HAL_ADC_Init      stm32f1xx_hal_adc.o
    0x08001a50   0x00000002   Code   RO         2037    i.HAL_ADC_LevelOutOfWindowCallback  stm32f1xx_hal_adc.o
    0x08001a52   0x00000002   PAD
    0x08001a54   0x000000a8   Code   RO           14    i.HAL_ADC_MspInit   stm32f1xx_hal_msp.o
    0x08001afc   0x000000c0   Code   RO         2042    i.HAL_ADC_Start     stm32f1xx_hal_adc.o
    0x08001bbc   0x0000010c   Code   RO         2043    i.HAL_ADC_Start_DMA  stm32f1xx_hal_adc.o
    0x08001cc8   0x00000034   Code   RO         2045    i.HAL_ADC_Stop      stm32f1xx_hal_adc.o
    0x08001cfc   0x0000004c   Code   RO         2046    i.HAL_ADC_Stop_DMA  stm32f1xx_hal_adc.o
    0x08001d48   0x00000030   Code   RO          385    i.HAL_DMA_Abort     stm32f1xx_hal_dma.o
    0x08001d78   0x00000098   Code   RO          386    i.HAL_DMA_Abort_IT  stm32f1xx_hal_dma.o
    0x08001e10   0x00000154   Code   RO          390    i.HAL_DMA_IRQHandler  stm32f1xx_hal_dma.o
    0x08001f64   0x00000064   Code   RO          391    i.HAL_DMA_Init      stm32f1xx_hal_dma.o
    0x08001fc8   0x00000070   Code   RO          395    i.HAL_DMA_Start_IT  stm32f1xx_hal_dma.o
    0x08002038   0x0000001c   Code   RO          486    i.HAL_Delay         stm32f1xx_hal.o
    0x08002054   0x000001bc   Code   RO         1106    i.HAL_GPIO_Init     stm32f1xx_hal_gpio.o
    0x08002210   0x0000000a   Code   RO         1108    i.HAL_GPIO_ReadPin  stm32f1xx_hal_gpio.o
    0x0800221a   0x0000000a   Code   RO         1110    i.HAL_GPIO_WritePin  stm32f1xx_hal_gpio.o
    0x08002224   0x0000000c   Code   RO          490    i.HAL_GetTick       stm32f1xx_hal.o
    0x08002230   0x00000010   Code   RO          492    i.HAL_IncTick       stm32f1xx_hal.o
    0x08002240   0x00000024   Code   RO          493    i.HAL_Init          stm32f1xx_hal.o
    0x08002264   0x00000028   Code   RO          494    i.HAL_InitTick      stm32f1xx_hal.o
    0x0800228c   0x00000080   Code   RO           15    i.HAL_MspInit       stm32f1xx_hal_msp.o
    0x0800230c   0x00000016   Code   RO         2305    i.HAL_NVIC_EnableIRQ  stm32f1xx_hal_cortex.o
    0x08002322   0x00000002   PAD
    0x08002324   0x00000040   Code   RO         2311    i.HAL_NVIC_SetPriority  stm32f1xx_hal_cortex.o
    0x08002364   0x00000024   Code   RO         2312    i.HAL_NVIC_SetPriorityGrouping  stm32f1xx_hal_cortex.o
    0x08002388   0x000000ec   Code   RO          658    i.HAL_RCCEx_PeriphCLKConfig  stm32f1xx_hal_rcc_ex.o
    0x08002474   0x00000154   Code   RO         2202    i.HAL_RCC_ClockConfig  stm32f1xx_hal_rcc.o
    0x080025c8   0x0000000c   Code   RO         2207    i.HAL_RCC_GetHCLKFreq  stm32f1xx_hal_rcc.o
    0x080025d4   0x00000020   Code   RO         2209    i.HAL_RCC_GetPCLK1Freq  stm32f1xx_hal_rcc.o
    0x080025f4   0x00000020   Code   RO         2210    i.HAL_RCC_GetPCLK2Freq  stm32f1xx_hal_rcc.o
    0x08002614   0x0000006c   Code   RO         2211    i.HAL_RCC_GetSysClockFreq  stm32f1xx_hal_rcc.o
    0x08002680   0x00000304   Code   RO         2214    i.HAL_RCC_OscConfig  stm32f1xx_hal_rcc.o
    0x08002984   0x00000018   Code   RO         2314    i.HAL_SYSTICK_CLKSourceConfig  stm32f1xx_hal_cortex.o
    0x0800299c   0x00000002   Code   RO         2315    i.HAL_SYSTICK_Callback  stm32f1xx_hal_cortex.o
    0x0800299e   0x00000028   Code   RO         2316    i.HAL_SYSTICK_Config  stm32f1xx_hal_cortex.o
    0x080029c6   0x00000008   Code   RO         2317    i.HAL_SYSTICK_IRQHandler  stm32f1xx_hal_cortex.o
    0x080029ce   0x00000002   Code   RO         2523    i.HAL_TIMEx_BreakCallback  stm32f1xx_hal_tim_ex.o
    0x080029d0   0x00000002   Code   RO         2524    i.HAL_TIMEx_CommutationCallback  stm32f1xx_hal_tim_ex.o
    0x080029d2   0x00000050   Code   RO         2540    i.HAL_TIMEx_MasterConfigSynchronization  stm32f1xx_hal_tim_ex.o
    0x08002a22   0x00000036   Code   RO         1171    i.HAL_TIM_Base_Init  stm32f1xx_hal_tim.o
    0x08002a58   0x00000038   Code   RO           17    i.HAL_TIM_Base_MspInit  stm32f1xx_hal_msp.o
    0x08002a90   0x00000018   Code   RO         1176    i.HAL_TIM_Base_Start_IT  stm32f1xx_hal_tim.o
    0x08002aa8   0x000000f2   Code   RO         1180    i.HAL_TIM_ConfigClockSource  stm32f1xx_hal_tim.o
    0x08002b9a   0x00000002   Code   RO         1200    i.HAL_TIM_IC_CaptureCallback  stm32f1xx_hal_tim.o
    0x08002b9c   0x00000166   Code   RO         1213    i.HAL_TIM_IRQHandler  stm32f1xx_hal_tim.o
    0x08002d02   0x00000002   Code   RO         1216    i.HAL_TIM_OC_DelayElapsedCallback  stm32f1xx_hal_tim.o
    0x08002d04   0x00000002   Code   RO         1243    i.HAL_TIM_PWM_PulseFinishedCallback  stm32f1xx_hal_tim.o
    0x08002d06   0x00000002   Code   RO         1250    i.HAL_TIM_PeriodElapsedCallback  stm32f1xx_hal_tim.o
    0x08002d08   0x00000002   Code   RO         1254    i.HAL_TIM_TriggerCallback  stm32f1xx_hal_tim.o
    0x08002d0a   0x00000002   Code   RO          798    i.HAL_UART_ErrorCallback  stm32f1xx_hal_uart.o
    0x08002d0c   0x00000110   Code   RO          801    i.HAL_UART_IRQHandler  stm32f1xx_hal_uart.o
    0x08002e1c   0x00000062   Code   RO          802    i.HAL_UART_Init     stm32f1xx_hal_uart.o
    0x08002e7e   0x00000002   PAD
    0x08002e80   0x000000b8   Code   RO           19    i.HAL_UART_MspInit  stm32f1xx_hal_msp.o
    0x08002f38   0x000000b8   Code   RO          805    i.HAL_UART_Receive  stm32f1xx_hal_uart.o
    0x08002ff0   0x00000002   Code   RO          808    i.HAL_UART_RxCpltCallback  stm32f1xx_hal_uart.o
    0x08002ff2   0x000000ba   Code   RO          810    i.HAL_UART_Transmit  stm32f1xx_hal_uart.o
    0x080030ac   0x00000002   Code   RO          813    i.HAL_UART_TxCpltCallback  stm32f1xx_hal_uart.o
    0x080030ae   0x00000002   Code   RO          167    i.HardFault_Handler  stm32f1xx_it.o
    0x080030b0   0x00000084   Code   RO          272    i.IO_CHK_Routine    main.o
    0x08003134   0x0000006c   Code   RO          273    i.MX_ADC1_Init      main.o
    0x080031a0   0x0000007c   Code   RO          274    i.MX_GPIO_Init      main.o
    0x0800321c   0x00000054   Code   RO          275    i.MX_TIM2_Init      main.o
    0x08003270   0x00000002   Code   RO          168    i.MemManage_Handler  stm32f1xx_it.o
    0x08003272   0x00000002   Code   RO          169    i.NMI_Handler       stm32f1xx_it.o
    0x08003274   0x00000020   Code   RO         2318    i.NVIC_SetPriority  stm32f1xx_hal_cortex.o
    0x08003294   0x00000002   Code   RO          170    i.PendSV_Handler    stm32f1xx_it.o
    0x08003296   0x00000002   PAD
    0x08003298   0x00000044   Code   RO          276    i.Refri_CHK_Routine  main.o
    0x080032dc   0x0000010c   Code   RO          277    i.SRP_CHK_Routine   main.o
    0x080033e8   0x00000002   Code   RO          171    i.SVC_Handler       stm32f1xx_it.o
    0x080033ea   0x0000000e   Code   RO          172    i.SysTick_Handler   stm32f1xx_it.o
    0x080033f8   0x00000074   Code   RO          278    i.SystemClock_Config  main.o
    0x0800346c   0x00000048   Code   RO         2757    i.SystemInit        system_stm32f1xx.o
    0x080034b4   0x000001a0   Code   RO          173    i.TIM2_IRQHandler   stm32f1xx_it.o
    0x08003654   0x0000006c   Code   RO         1255    i.TIM_Base_SetConfig  stm32f1xx_hal_tim.o
    0x080036c0   0x00000014   Code   RO         1262    i.TIM_ETR_SetConfig  stm32f1xx_hal_tim.o
    0x080036d4   0x00000010   Code   RO         1263    i.TIM_ITRx_SetConfig  stm32f1xx_hal_tim.o
    0x080036e4   0x00000022   Code   RO         1269    i.TIM_TI1_ConfigInputStage  stm32f1xx_hal_tim.o
    0x08003706   0x00000024   Code   RO         1271    i.TIM_TI2_ConfigInputStage  stm32f1xx_hal_tim.o
    0x0800372a   0x00000002   PAD
    0x0800372c   0x000000cc   Code   RO          279    i.Temp_Alarm_CHK_Routine  main.o
    0x080037f8   0x00000010   Code   RO          815    i.UART_DMAAbortOnError  stm32f1xx_hal_uart.o
    0x08003808   0x0000001c   Code   RO          825    i.UART_EndRxTransfer  stm32f1xx_hal_uart.o
    0x08003824   0x00000096   Code   RO          827    i.UART_Receive_IT   stm32f1xx_hal_uart.o
    0x080038ba   0x00000002   PAD
    0x080038bc   0x00000170   Code   RO          828    i.UART_SetConfig    stm32f1xx_hal_uart.o
    0x08003a2c   0x00000062   Code   RO          829    i.UART_Transmit_IT  stm32f1xx_hal_uart.o
    0x08003a8e   0x00000064   Code   RO          830    i.UART_WaitOnFlagUntilTimeout  stm32f1xx_hal_uart.o
    0x08003af2   0x00000002   PAD
    0x08003af4   0x0000000c   Code   RO          174    i.USART1_IRQHandler  stm32f1xx_it.o
    0x08003b00   0x00000002   Code   RO          175    i.UsageFault_Handler  stm32f1xx_it.o
    0x08003b02   0x00000002   Code   RO          280    i._Error_Handler    main.o
    0x08003b04   0x00000028   Code   RO         2857    i.__0sprintf$1      mc_w.l(printf1.o)
    0x08003b2c   0x00000008   Code   RO         3137    i.__aeabi_errno_addr  mc_w.l(errno.o)
    0x08003b34   0x000000aa   Code   RO         3109    i.__kernel_poly     m_ws.l(poly.o)
    0x08003bde   0x00000002   PAD
    0x08003be0   0x00000010   Code   RO         3095    i.__mathlib_dbl_divzero  m_ws.l(dunder.o)
    0x08003bf0   0x00000006   Code   RO         3096    i.__mathlib_dbl_infnan  m_ws.l(dunder.o)
    0x08003bf6   0x0000000c   Code   RO         3098    i.__mathlib_dbl_invalid  m_ws.l(dunder.o)
    0x08003c02   0x00000002   PAD
    0x08003c04   0x0000000c   Code   RO         3138    i.__read_errno      mc_w.l(errno.o)
    0x08003c10   0x0000000e   Code   RO         3216    i.__scatterload_copy  mc_w.l(handlers.o)
    0x08003c1e   0x00000002   Code   RO         3217    i.__scatterload_null  mc_w.l(handlers.o)
    0x08003c20   0x0000000e   Code   RO         3218    i.__scatterload_zeroinit  mc_w.l(handlers.o)
    0x08003c2e   0x00000002   PAD
    0x08003c30   0x0000000c   Code   RO         3139    i.__set_errno       mc_w.l(errno.o)
    0x08003c3c   0x0000000e   Code   RO         3200    i._is_digit         mc_w.l(scanf_fp.o)
    0x08003c4a   0x00000002   PAD
    0x08003c4c   0x00000154   Code   RO         2862    i._printf_core      mc_w.l(printf1.o)
    0x08003da0   0x0000000a   Code   RO         2864    i._sputc            mc_w.l(printf1.o)
    0x08003daa   0x0000002a   Code   RO         2792    i.atof              m_ws.l(atof.o)
    0x08003dd4   0x0000035c   Code   RO         2796    i.log               m_ws.l(log.o)
    0x08004130   0x000000e0   Code   RO          281    i.main              main.o
    0x08004210   0x00000010   Data   RO         2758    .constdata          system_stm32f1xx.o
    0x08004220   0x00000008   Data   RO         2759    .constdata          system_stm32f1xx.o
    0x08004228   0x00000038   Data   RO         2797    .constdata          m_ws.l(log.o)
    0x08004260   0x00000008   Data   RO         3111    .constdata          m_ws.l(qnan.o)
    0x08004268   0x00000081   Data   RO         3171    .constdata          mc_w.l(ctype_o.o)
    0x080042e9   0x00000003   PAD
    0x080042ec   0x00000004   Data   RO         3172    .constdata          mc_w.l(ctype_o.o)
    0x080042f0   0x00000020   Data   RO         3214    Region$$Table       anon$$obj.o


    Execution Region RW_IRAM1 (Base: 0x20000000, Size: 0x00000658, Max: 0x00005000, ABSOLUTE)

    Base Addr    Size         Type   Attr      Idx    E Section Name        Object

    0x20000000   0x00000022   Data   RW          285    .data               main.o
    0x20000022   0x00000002   PAD
    0x20000024   0x00000004   Data   RW          499    .data               stm32f1xx_hal.o
    0x20000028   0x00000004   Data   RW         2760    .data               system_stm32f1xx.o
    0x2000002c   0x00000004   Data   RW         3140    .data               mc_w.l(errno.o)
    0x20000030   0x0000019c   Zero   RW          282    .bss                main.o
    0x200001cc   0x00000044   Zero   RW          283    .bss                main.o
    0x20000210   0x00000044   Zero   RW          284    .bss                main.o
    0x20000254   0x00000004   PAD
    0x20000258   0x00000400   Zero   RW            1    STACK               startup_stm32f103xb.o


==============================================================================

Image component sizes


      Code (inc. data)   RO Data    RW Data    ZI Data      Debug   Object Name

      3206        172          0         34        548      11318   main.o
        36          8        236          0       1024        780   startup_stm32f103xb.o
       132         22          0          4          0       3507   stm32f1xx_hal.o
      1662         62          0          0          0      11173   stm32f1xx_hal_adc.o
         2          0          0          0          0       1013   stm32f1xx_hal_adc_ex.o
       228         14          0          0          0      27193   stm32f1xx_hal_cortex.o
       794         36          0          0          0       4750   stm32f1xx_hal_dma.o
       464         36          0          0          0       3411   stm32f1xx_hal_gpio.o
       536        114          0          0          0     457505   stm32f1xx_hal_msp.o
      1296        104          0          0          0       5472   stm32f1xx_hal_rcc.o
       236         12          0          0          0       1344   stm32f1xx_hal_rcc_ex.o
       902         14          0          0          0       9623   stm32f1xx_hal_tim.o
        84          0          0          0          0       2238   stm32f1xx_hal_tim_ex.o
      1506         10          0          0          0       9846   stm32f1xx_hal_uart.o
       494         90          0          0          0       6090   stm32f1xx_it.o
        72         16         24          4          0       1083   system_stm32f1xx.o

    ----------------------------------------------------------------------
     11672        710        292         44       1576     556346   Object Totals
         0          0         32          0          0          0   (incl. Generated)
        22          0          0          2          4          0   (incl. Padding)

    ----------------------------------------------------------------------

      Code (inc. data)   RO Data    RW Data    ZI Data      Debug   Library Member Name

        42          0          0          0          0         84   atof.o
        34          4          0          0          0        204   dunder.o
       860         52         56          0          0        256   log.o
       170          0          0          0          0         96   poly.o
         0          0          8          0          0          0   qnan.o
        28          0          0          0          0         68   _chval.o
        64          0          0          0          0         84   _sgetc.o
       158          0          0          0          0         92   _strtoul.o
        26          0          0          0          0         80   atol.o
         8          4        133          0          0         68   ctype_o.o
         0          0          0          0          0          0   entry.o
         0          0          0          0          0          0   entry10a.o
         0          0          0          0          0          0   entry11a.o
         8          4          0          0          0          0   entry2.o
         4          0          0          0          0          0   entry5.o
         0          0          0          0          0          0   entry7b.o
         0          0          0          0          0          0   entry8b.o
         8          4          0          0          0          0   entry9a.o
        32         16          0          4          0        204   errno.o
        30          0          0          0          0          0   handlers.o
        36          8          0          0          0         68   init.o
        18          0          0          0          0         76   isspace_o.o
         0          0          0          0          0          0   iusefp.o
        30          0          0          0          0         68   llshl.o
        36          0          0          0          0         68   llsshr.o
        32          0          0          0          0         68   llushr.o
       390         10          0          0          0        252   printf1.o
       838         12          0          0          0        216   scanf_fp.o
       156         12          0          0          0        120   strtod.o
       112          0          0          0          0         88   strtol.o
        44          0          0          0          0         80   uidiv.o
        48          0          0          0          0         68   cdcmple.o
        56          0          0          0          0         88   d2f.o
       334          0          0          0          0        148   dadd.o
       222          0          0          0          0        100   ddiv.o
       186          0          0          0          0        176   depilogue.o
        34          0          0          0          0         76   dflti.o
        24          0          0          0          0         76   dfltul.o
       228          0          0          0          0         96   dmul.o
        46          0          0          0          0         80   dscalb.o
        38          0          0          0          0         68   f2d.o
       176          0          0          0          0        140   fadd.o
       124          0          0          0          0         88   fdiv.o
       110          0          0          0          0        168   fepilogue.o
        50          0          0          0          0         68   ffixi.o
        18          0          0          0          0         68   fflti.o
        10          0          0          0          0         68   ffltui.o
       100          0          0          0          0         76   fmul.o
        24          0          0          0          0         68   fscalb.o

    ----------------------------------------------------------------------
      5004        126        200          4          0       4060   Library Totals
        12          0          3          0          0          0   (incl. Padding)

    ----------------------------------------------------------------------

      Code (inc. data)   RO Data    RW Data    ZI Data      Debug   Library Name

      1106         56         64          0          0        640   m_ws.l
      2058         70        133          4          0       1700   mc_w.l
      1828          0          0          0          0       1720   mf_w.l

    ----------------------------------------------------------------------
      5004        126        200          4          0       4060   Library Totals

    ----------------------------------------------------------------------

==============================================================================


      Code (inc. data)   RO Data    RW Data    ZI Data      Debug   

     16676        836        492         48       1576     552862   Grand Totals
     16676        836        492         48       1576     552862   ELF Image Totals
     16676        836        492         48          0          0   ROM Totals

==============================================================================

    Total RO  Size (Code + RO Data)                17168 (  16.77kB)
    Total RW  Size (RW Data + ZI Data)              1624 (   1.59kB)
    Total ROM Size (Code + RO Data + RW Data)      17216 (  16.81kB)

==============================================================================

